

================================================================
== Vitis HLS Report for 'bucket_unit_csim_sr_Block_split24_proc5'
================================================================
* Date:           Sat Aug  6 04:46:47 2022

* Version:        2020.2 (Build 3064766 on Wed Nov 18 09:12:47 MST 2020)
* Project:        hls_msm_32w_13bit
* Solution:       solution1 (Vivado IP Flow Target)
* Product family: virtexuplus
* Target device:  xcvu9p-flga2104-2-i


================================================================
== Performance Estimates
================================================================
+ Timing: 
    * Summary: 
    +--------+---------+----------+------------+
    |  Clock |  Target | Estimated| Uncertainty|
    +--------+---------+----------+------------+
    |ap_clk  |  4.00 ns|  3.127 ns|     1.08 ns|
    +--------+---------+----------+------------+

+ Latency: 
    * Summary: 
    +---------+---------+----------+----------+-----+-----+---------+
    |  Latency (cycles) |  Latency (absolute) |  Interval | Pipeline|
    |   min   |   max   |    min   |    max   | min | max |   Type  |
    +---------+---------+----------+----------+-----+-----+---------+
    |        ?|        ?|         ?|         ?|    ?|    ?|     none|
    +---------+---------+----------+----------+-----+-----+---------+

    + Detail: 
        * Instance: 
        N/A

        * Loop: 
        +--------------------+---------+---------+----------+-----------+-----------+------+----------+
        |                    |  Latency (cycles) | Iteration|  Initiation Interval  | Trip |          |
        |      Loop Name     |   min   |   max   |  Latency |  achieved |   target  | Count| Pipelined|
        +--------------------+---------+---------+----------+-----------+-----------+------+----------+
        |- Loop 1            |       16|       16|         1|          1|          1|    16|       yes|
        |- Loop 2            |       16|       16|         1|          1|          1|    16|       yes|
        |- VITIS_LOOP_142_1  |        ?|        ?|        22|         20|          1|     ?|       yes|
        +--------------------+---------+---------+----------+-----------+-----------+------+----------+



================================================================
== Utilization Estimates
================================================================
* Summary: 
+---------------------+---------+------+---------+---------+-----+
|         Name        | BRAM_18K|  DSP |    FF   |   LUT   | URAM|
+---------------------+---------+------+---------+---------+-----+
|DSP                  |        -|     -|        -|        -|    -|
|Expression           |        -|     -|        0|      502|    -|
|FIFO                 |        -|     -|        -|        -|    -|
|Instance             |        -|     -|        -|        -|    -|
|Memory               |        0|     -|      592|      603|    -|
|Multiplexer          |        -|     -|        -|      809|    -|
|Register             |        -|     -|      319|        -|    -|
+---------------------+---------+------+---------+---------+-----+
|Total                |        0|     0|      911|     1914|    0|
+---------------------+---------+------+---------+---------+-----+
|Available SLR        |     1440|  2280|   788160|   394080|  320|
+---------------------+---------+------+---------+---------+-----+
|Utilization SLR (%)  |        0|     0|       ~0|       ~0|    0|
+---------------------+---------+------+---------+---------+-----+
|Available            |     4320|  6840|  2364480|  1182240|  960|
+---------------------+---------+------+---------+---------+-----+
|Utilization (%)      |        0|     0|       ~0|       ~0|    0|
+---------------------+---------+------+---------+---------+-----+

+ Detail: 
    * Instance: 
    N/A

    * DSP: 
    N/A

    * Memory: 
    +----------------+------------------------------------------------------+---------+----+----+-----+------+-----+------+-------------+
    |     Memory     |                        Module                        | BRAM_18K| FF | LUT| URAM| Words| Bits| Banks| W*Bits*Banks|
    +----------------+------------------------------------------------------+---------+----+----+-----+------+-----+------+-------------+
    |B_V_0_U         |bucket_unit_csim_sr_Block_split24_proc5_B_V_0         |        0|  64|  65|    0|    16|   39|     1|          624|
    |B_V_2_U         |bucket_unit_csim_sr_Block_split24_proc5_B_V_0         |        0|  64|  65|    0|    16|   39|     1|          624|
    |B_V_3_U         |bucket_unit_csim_sr_Block_split24_proc5_B_V_0         |        0|  64|  65|    0|    16|   39|     1|          624|
    |B_V_4_U         |bucket_unit_csim_sr_Block_split24_proc5_B_V_0         |        0|  64|  65|    0|    16|   39|     1|          624|
    |B_V_5_U         |bucket_unit_csim_sr_Block_split24_proc5_B_V_0         |        0|  64|  65|    0|    16|   39|     1|          624|
    |B_V_6_U         |bucket_unit_csim_sr_Block_split24_proc5_B_V_0         |        0|  64|  65|    0|    16|   39|     1|          624|
    |B_V_7_U         |bucket_unit_csim_sr_Block_split24_proc5_B_V_0         |        0|  64|  65|    0|    16|   39|     1|          624|
    |B_V_1_U         |bucket_unit_csim_sr_Block_split24_proc5_B_V_1         |        0|  64|  65|    0|    16|   39|     1|          624|
    |bcount_U        |bucket_unit_csim_sr_Block_split24_proc5_bcount        |        0|  32|  33|    0|    16|   32|     1|          512|
    |fill_count_U    |bucket_unit_csim_sr_Block_split24_proc5_fill_count    |        0|  32|  33|    0|    16|   32|     1|          512|
    |padd_count_V_U  |bucket_unit_csim_sr_Block_split24_proc5_padd_count_V  |        0|  16|  17|    0|    16|   13|     1|          208|
    +----------------+------------------------------------------------------+---------+----+----+-----+------+-----+------+-------------+
    |Total           |                                                      |        0| 592| 603|    0|   176|  389|    11|         6224|
    +----------------+------------------------------------------------------+---------+----+----+-----+------+-----+------+-------------+

    * FIFO: 
    N/A

    * Expression: 
    +-----------------------------------+----------+----+---+----+------------+------------+
    |           Variable Name           | Operation| DSP| FF| LUT| Bitwidth P0| Bitwidth P1|
    +-----------------------------------+----------+----+---+----+------------+------------+
    |add_ln186_fu_1174_p2               |         +|   0|  0|  39|          32|           1|
    |add_ln187_fu_1181_p2               |         +|   0|  0|  39|          32|           1|
    |add_ln212_fu_1246_p2               |         +|   0|  0|  39|          32|           3|
    |add_ln691_fu_999_p2                |         +|   0|  0|  20|          13|           1|
    |count_BF1_V_3_fu_1077_p2           |         +|   0|  0|  20|          13|           1|
    |count_BF2_V_3_fu_993_p2            |         +|   0|  0|  20|          13|           1|
    |empty_23_fu_877_p2                 |         +|   0|  0|  12|           5|           1|
    |empty_26_fu_894_p2                 |         +|   0|  0|  12|           5|           1|
    |loop_2_iter_fu_1235_p2             |         +|   0|  0|  39|          32|           1|
    |ret_V_1_fu_1014_p2                 |         +|   0|  0|  21|          14|           2|
    |ret_V_2_fu_1040_p2                 |         +|   0|  0|  12|           4|           2|
    |ret_V_fu_1137_p2                   |         +|   0|  0|  12|           4|           2|
    |and_ln209_fu_1213_p2               |       and|   0|  0|   2|           1|           1|
    |ap_block_state34_pp2_stage1_iter1  |       and|   0|  0|   2|           1|           1|
    |ap_condition_116                   |       and|   0|  0|   2|           1|           1|
    |ap_condition_128                   |       and|   0|  0|   2|           1|           1|
    |ap_condition_1530                  |       and|   0|  0|   2|           1|           1|
    |ap_condition_1533                  |       and|   0|  0|   2|           1|           1|
    |ap_condition_1538                  |       and|   0|  0|   2|           1|           1|
    |ap_condition_1544                  |       and|   0|  0|   2|           1|           1|
    |ap_condition_1551                  |       and|   0|  0|   2|           1|           1|
    |ap_condition_1559                  |       and|   0|  0|   2|           1|           1|
    |ap_condition_1568                  |       and|   0|  0|   2|           1|           1|
    |ap_condition_1578                  |       and|   0|  0|   2|           1|           1|
    |ap_condition_1589                  |       and|   0|  0|   2|           1|           1|
    |ap_condition_1601                  |       and|   0|  0|   2|           1|           1|
    |ap_condition_1614                  |       and|   0|  0|   2|           1|           1|
    |ap_condition_1628                  |       and|   0|  0|   2|           1|           1|
    |ap_condition_1643                  |       and|   0|  0|   2|           1|           1|
    |ap_condition_1659                  |       and|   0|  0|   2|           1|           1|
    |ap_condition_801                   |       and|   0|  0|   2|           1|           1|
    |ap_condition_843                   |       and|   0|  0|   2|           1|           1|
    |ap_condition_918                   |       and|   0|  0|   2|           1|           1|
    |ap_condition_932                   |       and|   0|  0|   2|           1|           1|
    |ap_predicate_op358_write_state34   |       and|   0|  0|   2|           1|           1|
    |tmp_9_nbreadreq_fu_242_p3          |       and|   0|  0|   2|           1|           0|
    |tmp_nbreadreq_fu_226_p3            |       and|   0|  0|   2|           1|           0|
    |exitcond1518_fu_883_p2             |      icmp|   0|  0|  10|           5|           6|
    |exitcond17_fu_900_p2               |      icmp|   0|  0|  10|           5|           6|
    |grp_fu_868_p2                      |      icmp|   0|  0|  19|          31|           1|
    |icmp_ln209_1_fu_1229_p2            |      icmp|   0|  0|  18|          29|           1|
    |icmp_ln209_fu_1202_p2              |      icmp|   0|  0|  20|          32|          32|
    |icmp_ln870_1_fu_1020_p2            |      icmp|   0|  0|  12|          14|          14|
    |icmp_ln870_fu_1083_p2              |      icmp|   0|  0|  12|          13|           1|
    |icmp_ln874_1_fu_1207_p2            |      icmp|   0|  0|   9|           4|           1|
    |icmp_ln874_fu_1099_p2              |      icmp|   0|  0|   9|           4|           1|
    |icmp_ln878_1_fu_951_p2             |      icmp|   0|  0|  12|          13|          13|
    |icmp_ln878_fu_945_p2               |      icmp|   0|  0|  10|           6|           1|
    |ap_block_pp2_stage1_01001          |        or|   0|  0|   2|           1|           1|
    |ap_block_state1                    |        or|   0|  0|   2|           1|           1|
    |ap_block_state14_pp2_stage1_iter0  |        or|   0|  0|   2|           1|           1|
    |ap_condition_149                   |        or|   0|  0|   2|           1|           1|
    |ap_condition_924                   |        or|   0|  0|   2|           1|           1|
    |or_ln142_fu_956_p2                 |        or|   0|  0|   2|           1|           1|
    |or_ln151_fu_1163_p2                |        or|   0|  0|   5|           5|           1|
    |or_ln168_fu_1066_p2                |        or|   0|  0|   5|           5|           1|
    |select_ln199_fu_1188_p3            |    select|   0|  0|   2|           1|           2|
    |ap_enable_pp2                      |       xor|   0|  0|   2|           1|           2|
    +-----------------------------------+----------+----+---+----+------------+------------+
    |Total                              |          |   0|  0| 502|         398|         129|
    +-----------------------------------+----------+----+---+----+------------+------------+

    * Multiplexer: 
    +-------------------------------------------+-----+-----------+-----+-----------+
    |                    Name                   | LUT | Input Size| Bits| Total Bits|
    +-------------------------------------------+-----+-----------+-----+-----------+
    |BFIFO_1176_blk_n                           |    9|          2|    1|          2|
    |BFIFO_2_i_blk_n                            |    9|          2|    1|          2|
    |B_V_0_address0                             |   14|          3|    4|         12|
    |B_V_1_address0                             |   20|          4|    4|         16|
    |B_V_2_address0                             |   14|          3|    4|         12|
    |B_V_3_address0                             |   14|          3|    4|         12|
    |B_V_4_address0                             |   14|          3|    4|         12|
    |B_V_5_address0                             |   14|          3|    4|         12|
    |B_V_6_address0                             |   14|          3|    4|         12|
    |B_i_address0                               |   14|          3|    5|         15|
    |B_i_address1                               |   14|          3|    5|         15|
    |B_i_d0                                     |   14|          3|   32|         96|
    |B_i_d1                                     |   14|          3|   32|         96|
    |CFIFO_blk_n                                |    9|          2|    1|          2|
    |ap_NS_fsm                                  |  155|         34|    1|         34|
    |ap_done                                    |    9|          2|    1|          2|
    |ap_enable_reg_pp2_iter1                    |    9|          2|    1|          2|
    |ap_phi_mux_data_V_phi_fu_780_p4            |   14|          3|   43|        129|
    |ap_phi_mux_nibble_K_V_2_phi_fu_803_p30     |    9|          2|    4|          8|
    |ap_phi_reg_pp2_iter0_nibble_K_V_2_reg_786  |   65|         14|    4|         56|
    |bcount_address0                            |  102|         21|    4|         84|
    |bcount_d0                                  |   20|          4|   32|        128|
    |count_BF1_V_fu_212                         |    9|          2|   13|         26|
    |count_BF2_V_fu_208                         |    9|          2|   13|         26|
    |count_B_address0                           |   14|          3|    4|         12|
    |empty_25_reg_766                           |    9|          2|    5|         10|
    |empty_reg_755                              |    9|          2|    5|         10|
    |fill_count_address0                        |   26|          5|    4|         20|
    |fill_count_d0                              |   14|          3|   32|         96|
    |loop_2_iter_2_fu_216                       |    9|          2|   32|         64|
    |nibble_K_V_2_reg_786                       |    9|          2|    4|          8|
    |padd_count_V_address0                      |   54|         10|    4|         40|
    |padd_count_V_address1                      |   54|         10|    4|         40|
    |padd_count_V_d1                            |   14|          3|   13|         39|
    |real_start                                 |    9|          2|    1|          2|
    +-------------------------------------------+-----+-----------+-----+-----------+
    |Total                                      |  809|        170|  329|       1152|
    +-------------------------------------------+-----+-----------+-----+-----------+

    * Register: 
    +-------------------------------------------+----+----+-----+-----------+
    |                    Name                   | FF | LUT| Bits| Const Bits|
    +-------------------------------------------+----+----+-----+-----------+
    |B_V_1_addr_reg_1478                        |   4|   0|    4|          0|
    |B_V_2_addr_reg_1483                        |   4|   0|    4|          0|
    |B_V_3_addr_reg_1488                        |   4|   0|    4|          0|
    |B_V_4_addr_reg_1493                        |   4|   0|    4|          0|
    |B_V_5_addr_reg_1498                        |   4|   0|    4|          0|
    |B_V_6_addr_reg_1503                        |   4|   0|    4|          0|
    |and_ln209_reg_1586                         |   1|   0|    1|          0|
    |ap_CS_fsm                                  |  33|   0|   33|          0|
    |ap_done_reg                                |   1|   0|    1|          0|
    |ap_enable_reg_pp2_iter0                    |   1|   0|    1|          0|
    |ap_enable_reg_pp2_iter1                    |   1|   0|    1|          0|
    |ap_phi_reg_pp2_iter0_nibble_K_V_2_reg_786  |   4|   0|    4|          0|
    |bcount_addr_1_reg_1513                     |   4|   0|    4|          0|
    |bcount_addr_3_reg_1609                     |   4|   0|    4|          0|
    |conv3_i439_reg_1307                        |  13|   0|   32|         19|
    |conv_i59_reg_1473                          |   4|   0|   64|         60|
    |count_BF1_V_2_reg_1392                     |  13|   0|   13|          0|
    |count_BF1_V_fu_212                         |  13|   0|   13|          0|
    |count_BF2_V_2_reg_1387                     |  13|   0|   13|          0|
    |count_BF2_V_fu_208                         |  13|   0|   13|          0|
    |empty_25_reg_766                           |   5|   0|    5|          0|
    |empty_reg_755                              |   5|   0|    5|          0|
    |fill_count_addr_1_reg_1518                 |   4|   0|    4|          0|
    |icmp_ln199_10_reg_1563                     |   1|   0|    1|          0|
    |icmp_ln199_11_reg_1567                     |   1|   0|    1|          0|
    |icmp_ln199_12_reg_1571                     |   1|   0|    1|          0|
    |icmp_ln199_13_reg_1575                     |   1|   0|    1|          0|
    |icmp_ln199_1_reg_1527                      |   1|   0|    1|          0|
    |icmp_ln199_2_reg_1531                      |   1|   0|    1|          0|
    |icmp_ln199_3_reg_1535                      |   1|   0|    1|          0|
    |icmp_ln199_4_reg_1539                      |   1|   0|    1|          0|
    |icmp_ln199_5_reg_1543                      |   1|   0|    1|          0|
    |icmp_ln199_6_reg_1547                      |   1|   0|    1|          0|
    |icmp_ln199_7_reg_1551                      |   1|   0|    1|          0|
    |icmp_ln199_8_reg_1555                      |   1|   0|    1|          0|
    |icmp_ln199_9_reg_1559                      |   1|   0|    1|          0|
    |icmp_ln199_reg_1523                        |   1|   0|    1|          0|
    |icmp_ln209_1_reg_1595                      |   1|   0|    1|          0|
    |icmp_ln870_1_reg_1461                      |   1|   0|    1|          0|
    |icmp_ln870_reg_1465                        |   1|   0|    1|          0|
    |icmp_ln874_reg_1469                        |   1|   0|    1|          0|
    |icmp_ln878_1_reg_1401                      |   1|   0|    1|          0|
    |icmp_ln878_reg_1397                        |   1|   0|    1|          0|
    |lhs_V_2_reg_1428                           |   4|   0|    4|          0|
    |lhs_V_reg_1451                             |   4|   0|    4|          0|
    |loop_2_iter_2_fu_216                       |  32|   0|   32|          0|
    |nibble_K_V_2_reg_786                       |   4|   0|    4|          0|
    |or_ln142_reg_1405                          |   1|   0|    1|          0|
    |p_Val2_1_reg_1421                          |  43|   0|   43|          0|
    |p_Val2_s_reg_1444                          |  43|   0|   43|          0|
    |padd_count_V_addr_16_reg_1433              |   4|   0|    4|          0|
    |start_once_reg                             |   1|   0|    1|          0|
    |tmp_6_reg_1413                             |   1|   0|    1|          0|
    |tmp_9_reg_1417                             |   1|   0|    1|          0|
    |tmp_reg_1409                               |   1|   0|    1|          0|
    |zext_ln534_reg_1579                        |   4|   0|   64|         60|
    +-------------------------------------------+----+----+-----+-----------+
    |Total                                      | 319|   0|  458|        139|
    +-------------------------------------------+----+----+-----+-----------+



================================================================
== Interface
================================================================
* Summary: 
+--------------------+-----+-----+------------+------------------------------------------+--------------+
|      RTL Ports     | Dir | Bits|  Protocol  |               Source Object              |    C Type    |
+--------------------+-----+-----+------------+------------------------------------------+--------------+
|ap_clk              |   in|    1|  ap_ctrl_hs|  bucket_unit_csim_sr_Block_.split24_proc5|  return value|
|ap_rst              |   in|    1|  ap_ctrl_hs|  bucket_unit_csim_sr_Block_.split24_proc5|  return value|
|ap_start            |   in|    1|  ap_ctrl_hs|  bucket_unit_csim_sr_Block_.split24_proc5|  return value|
|start_full_n        |   in|    1|  ap_ctrl_hs|  bucket_unit_csim_sr_Block_.split24_proc5|  return value|
|ap_done             |  out|    1|  ap_ctrl_hs|  bucket_unit_csim_sr_Block_.split24_proc5|  return value|
|ap_continue         |   in|    1|  ap_ctrl_hs|  bucket_unit_csim_sr_Block_.split24_proc5|  return value|
|ap_idle             |  out|    1|  ap_ctrl_hs|  bucket_unit_csim_sr_Block_.split24_proc5|  return value|
|ap_ready            |  out|    1|  ap_ctrl_hs|  bucket_unit_csim_sr_Block_.split24_proc5|  return value|
|start_out           |  out|    1|  ap_ctrl_hs|  bucket_unit_csim_sr_Block_.split24_proc5|  return value|
|start_write         |  out|    1|  ap_ctrl_hs|  bucket_unit_csim_sr_Block_.split24_proc5|  return value|
|num_padd_ops        |   in|   13|     ap_none|                              num_padd_ops|        scalar|
|B_i_address0        |  out|    5|   ap_memory|                                       B_i|         array|
|B_i_ce0             |  out|    1|   ap_memory|                                       B_i|         array|
|B_i_we0             |  out|    1|   ap_memory|                                       B_i|         array|
|B_i_d0              |  out|   32|   ap_memory|                                       B_i|         array|
|B_i_address1        |  out|    5|   ap_memory|                                       B_i|         array|
|B_i_ce1             |  out|    1|   ap_memory|                                       B_i|         array|
|B_i_we1             |  out|    1|   ap_memory|                                       B_i|         array|
|B_i_d1              |  out|   32|   ap_memory|                                       B_i|         array|
|BFIFO_1176_dout     |   in|   43|     ap_fifo|                                BFIFO_1176|       pointer|
|BFIFO_1176_empty_n  |   in|    1|     ap_fifo|                                BFIFO_1176|       pointer|
|BFIFO_1176_read     |  out|    1|     ap_fifo|                                BFIFO_1176|       pointer|
|count_B_address0    |  out|    4|   ap_memory|                                   count_B|         array|
|count_B_ce0         |  out|    1|   ap_memory|                                   count_B|         array|
|count_B_q0          |   in|   13|   ap_memory|                                   count_B|         array|
|BFIFO_2_dout        |   in|   43|     ap_fifo|                                   BFIFO_2|       pointer|
|BFIFO_2_empty_n     |   in|    1|     ap_fifo|                                   BFIFO_2|       pointer|
|BFIFO_2_read        |  out|    1|     ap_fifo|                                   BFIFO_2|       pointer|
|BFIFO_2_din         |  out|   43|     ap_fifo|                                   BFIFO_2|       pointer|
|BFIFO_2_full_n      |   in|    1|     ap_fifo|                                   BFIFO_2|       pointer|
|BFIFO_2_write       |  out|    1|     ap_fifo|                                   BFIFO_2|       pointer|
|CFIFO_din           |  out|   82|     ap_fifo|                                     CFIFO|       pointer|
|CFIFO_full_n        |   in|    1|     ap_fifo|                                     CFIFO|       pointer|
|CFIFO_write         |  out|    1|     ap_fifo|                                     CFIFO|       pointer|
+--------------------+-----+-----+------------+------------------------------------------+--------------+

