

================================================================
== Vitis HLS Report for 'bucket_unit'
================================================================
* Date:           Sun Aug  7 03:05:04 2022

* Version:        2020.2 (Build 3064766 on Wed Nov 18 09:12:47 MST 2020)
* Project:        hls_msm_32w_13bit
* Solution:       solution1 (Vivado IP Flow Target)
* Product family: virtexuplus
* Target device:  xcvu9p-flga2104-2-i


================================================================
== Performance Estimates
================================================================
+ Timing: 
    * Summary: 
    +--------+---------+----------+------------+
    |  Clock |  Target | Estimated| Uncertainty|
    +--------+---------+----------+------------+
    |ap_clk  |  4.00 ns|  2.833 ns|     1.08 ns|
    +--------+---------+----------+------------+

+ Latency: 
    * Summary: 
    +---------+---------+----------+----------+-----+-----+----------+
    |  Latency (cycles) |  Latency (absolute) |  Interval | Pipeline |
    |   min   |   max   |    min   |    max   | min | max |   Type   |
    +---------+---------+----------+----------+-----+-----+----------+
    |        ?|        ?|         ?|         ?|    ?|    ?|  dataflow|
    +---------+---------+----------+----------+-----+-----+----------+

    + Detail: 
        * Instance: 
        +---------------------------------------------+------------------------------------------+---------+---------+----------+-----------+-----+------+---------+
        |                                             |                                          |  Latency (cycles) |  Latency (absolute)  |  Interval  | Pipeline|
        |                   Instance                  |                  Module                  |   min   |   max   |    min   |    max    | min |  max |   Type  |
        +---------------------------------------------+------------------------------------------+---------+---------+----------+-----------+-----+------+---------+
        |bucket_unit_Loop_VITIS_LOOP_440_3_proc17_U0  |bucket_unit_Loop_VITIS_LOOP_440_3_proc17  |        2|     8226|  8.000 ns|  32.904 us|    2|  8226|     none|
        |bucket_unit_Loop_VITIS_LOOP_430_2_proc16_U0  |bucket_unit_Loop_VITIS_LOOP_430_2_proc16  |        2|     8195|  8.000 ns|  32.780 us|    2|  8195|     none|
        |bucket_unit_Loop_1_proc15_U0                 |bucket_unit_Loop_1_proc15                 |        ?|        ?|         ?|          ?|    ?|     ?|     none|
        +---------------------------------------------+------------------------------------------+---------+---------+----------+-----------+-----+------+---------+

        * Loop: 
        N/A



================================================================
== Utilization Estimates
================================================================
* Summary: 
+---------------------+---------+------+---------+---------+-----+
|         Name        | BRAM_18K|  DSP |    FF   |   LUT   | URAM|
+---------------------+---------+------+---------+---------+-----+
|DSP                  |        -|     -|        -|        -|    -|
|Expression           |        -|     -|        0|        6|    -|
|FIFO                 |        0|     -|     2618|     1537|    -|
|Instance             |        0|    23|     5460|    11657|    -|
|Memory               |        -|     -|        -|        -|    -|
|Multiplexer          |        -|     -|        -|        -|    -|
|Register             |        -|     -|        -|        -|    -|
+---------------------+---------+------+---------+---------+-----+
|Total                |        0|    23|     8078|    13200|    0|
+---------------------+---------+------+---------+---------+-----+
|Available SLR        |     1440|  2280|   788160|   394080|  320|
+---------------------+---------+------+---------+---------+-----+
|Utilization SLR (%)  |        0|     1|        1|        3|    0|
+---------------------+---------+------+---------+---------+-----+
|Available            |     4320|  6840|  2364480|  1182240|  960|
+---------------------+---------+------+---------+---------+-----+
|Utilization (%)      |        0|    ~0|       ~0|        1|    0|
+---------------------+---------+------+---------+---------+-----+

+ Detail: 
    * Instance: 
    +---------------------------------------------+------------------------------------------+---------+----+------+-------+-----+
    |                   Instance                  |                  Module                  | BRAM_18K| DSP|  FF  |  LUT  | URAM|
    +---------------------------------------------+------------------------------------------+---------+----+------+-------+-----+
    |bucket_unit_Loop_1_proc15_U0                 |bucket_unit_Loop_1_proc15                 |        0|   0|   264|    858|    0|
    |bucket_unit_Loop_VITIS_LOOP_430_2_proc16_U0  |bucket_unit_Loop_VITIS_LOOP_430_2_proc16  |        0|   0|   311|    434|    0|
    |bucket_unit_Loop_VITIS_LOOP_440_3_proc17_U0  |bucket_unit_Loop_VITIS_LOOP_440_3_proc17  |        0|  23|  4885|  10365|    0|
    +---------------------------------------------+------------------------------------------+---------+----+------+-------+-----+
    |Total                                        |                                          |        0|  23|  5460|  11657|    0|
    +---------------------------------------------+------------------------------------------+---------+----+------+-------+-----+

    * DSP: 
    N/A

    * Memory: 
    N/A

    * FIFO: 
    +---------------------+---------+-----+----+-----+------+-----+---------+
    |         Name        | BRAM_18K|  FF | LUT| URAM| Depth| Bits| Size:D*B|
    +---------------------+---------+-----+----+-----+------+-----+---------+
    |BFIFO_2_U            |        0|    7|   0|    -|    15|   43|      645|
    |B_0_U                |        0|  133|   0|    -|     1|   39|       39|
    |B_10_U               |        0|  133|   0|    -|     1|   39|       39|
    |B_11_U               |        0|  133|   0|    -|     1|   39|       39|
    |B_12_U               |        0|  133|   0|    -|     1|   39|       39|
    |B_13_U               |        0|  133|   0|    -|     1|   39|       39|
    |B_14_U               |        0|  133|   0|    -|     1|   39|       39|
    |B_15_U               |        0|  133|   0|    -|     1|   39|       39|
    |B_1_U                |        0|  133|   0|    -|     1|   39|       39|
    |B_2_U                |        0|  133|   0|    -|     1|   39|       39|
    |B_3_U                |        0|  133|   0|    -|     1|   39|       39|
    |B_4_U                |        0|  133|   0|    -|     1|   39|       39|
    |B_5_U                |        0|  133|   0|    -|     1|   39|       39|
    |B_6_U                |        0|  133|   0|    -|     1|   39|       39|
    |B_7_U                |        0|  133|   0|    -|     1|   39|       39|
    |B_8_U                |        0|  133|   0|    -|     1|   39|       39|
    |B_9_U                |        0|  133|   0|    -|     1|   39|       39|
    |CFIFO_U              |        0|  404|   0|    -|    32|   82|     2624|
    |OVFIFO_U             |        0|    7|   0|    -|    15|   43|      645|
    |num_padd_ops_c322_U  |        0|   36|   0|    -|     2|   13|       26|
    |num_padd_ops_c_U     |        0|   36|   0|    -|     2|   13|       26|
    +---------------------+---------+-----+----+-----+------+-----+---------+
    |Total                |        0| 2618|   0|    0|    82|  818|     4590|
    +---------------------+---------+-----+----+-----+------+-----+---------+

    * Expression: 
    +------------------+----------+----+---+----+------------+------------+
    |   Variable Name  | Operation| DSP| FF| LUT| Bitwidth P0| Bitwidth P1|
    +------------------+----------+----+---+----+------------+------------+
    |ap_idle           |       and|   0|  0|   2|           1|           1|
    |ap_sync_continue  |       and|   0|  0|   2|           1|           1|
    |ap_sync_done      |       and|   0|  0|   2|           1|           1|
    +------------------+----------+----+---+----+------------+------------+
    |Total             |          |   0|  0|   6|           3|           3|
    +------------------+----------+----+---+----+------------+------------+

    * Multiplexer: 
    N/A

    * Register: 
    N/A



================================================================
== Interface
================================================================
* Summary: 
+---------------------+-----+-----+------------+--------------+--------------+
|      RTL Ports      | Dir | Bits|  Protocol  | Source Object|    C Type    |
+---------------------+-----+-----+------------+--------------+--------------+
|BFIFO_1176_dout      |   in|   43|     ap_fifo|    BFIFO_1176|       pointer|
|BFIFO_1176_empty_n   |   in|    1|     ap_fifo|    BFIFO_1176|       pointer|
|BFIFO_1176_read      |  out|    1|     ap_fifo|    BFIFO_1176|       pointer|
|B_i_address0         |  out|    5|   ap_memory|           B_i|         array|
|B_i_ce0              |  out|    1|   ap_memory|           B_i|         array|
|B_i_d0               |  out|   32|   ap_memory|           B_i|         array|
|B_i_q0               |   in|   32|   ap_memory|           B_i|         array|
|B_i_we0              |  out|    1|   ap_memory|           B_i|         array|
|B_i_address1         |  out|    5|   ap_memory|           B_i|         array|
|B_i_ce1              |  out|    1|   ap_memory|           B_i|         array|
|B_i_d1               |  out|   32|   ap_memory|           B_i|         array|
|B_i_q1               |   in|   32|   ap_memory|           B_i|         array|
|B_i_we1              |  out|    1|   ap_memory|           B_i|         array|
|num_padd_ops         |   in|   13|     ap_none|  num_padd_ops|        scalar|
|num_padd_ops_ap_vld  |   in|    1|     ap_none|  num_padd_ops|        scalar|
|count_B_address0     |  out|    4|   ap_memory|       count_B|         array|
|count_B_ce0          |  out|    1|   ap_memory|       count_B|         array|
|count_B_d0           |  out|   13|   ap_memory|       count_B|         array|
|count_B_q0           |   in|   13|   ap_memory|       count_B|         array|
|count_B_we0          |  out|    1|   ap_memory|       count_B|         array|
|count_B_address1     |  out|    4|   ap_memory|       count_B|         array|
|count_B_ce1          |  out|    1|   ap_memory|       count_B|         array|
|count_B_d1           |  out|   13|   ap_memory|       count_B|         array|
|count_B_q1           |   in|   13|   ap_memory|       count_B|         array|
|count_B_we1          |  out|    1|   ap_memory|       count_B|         array|
|ap_clk               |   in|    1|  ap_ctrl_hs|   bucket_unit|  return value|
|ap_rst               |   in|    1|  ap_ctrl_hs|   bucket_unit|  return value|
|ap_start             |   in|    1|  ap_ctrl_hs|   bucket_unit|  return value|
|ap_done              |  out|    1|  ap_ctrl_hs|   bucket_unit|  return value|
|ap_ready             |  out|    1|  ap_ctrl_hs|   bucket_unit|  return value|
|ap_idle              |  out|    1|  ap_ctrl_hs|   bucket_unit|  return value|
|ap_continue          |   in|    1|  ap_ctrl_hs|   bucket_unit|  return value|
+---------------------+-----+-----+------------+--------------+--------------+

