

================================================================
== Synthesis Summary Report of 'msm_arr'
================================================================
+ General Information: 
    * Date:           Wed Jul 27 12:00:27 2022
    * Version:        2020.2 (Build 3064766 on Wed Nov 18 09:12:47 MST 2020)
    * Project:        hls_msm_32w_13bit
    * Solution:       solution1 (Vivado IP Flow Target)
    * Product family: virtexuplus
    * Target device:  xcvu9p-flga2104-2-i
    

+ Performance & Resource Estimates: 
    
    PS: '+' for module; 'o' for loop; '*' for dataflow
    +----------------------------------------------------------------+--------+-------+---------+-----------+----------+---------+------+----------+---------+----------+------------+-------------+-----+
    |                             Modules                            |  Issue |       | Latency |  Latency  | Iteration|         | Trip |          |         |          |            |             |     |
    |                             & Loops                            |  Type  | Slack | (cycles)|    (ns)   |  Latency | Interval| Count| Pipelined|  BRAM   |    DSP   |     FF     |     LUT     | URAM|
    +----------------------------------------------------------------+--------+-------+---------+-----------+----------+---------+------+----------+---------+----------+------------+-------------+-----+
    |+ msm_arr                                                       |  Timing|   0.21|        -|          -|         -|        -|     -|        no|  4 (~0%)|  23 (~0%)|  6583 (~0%)|   13359 (1%)|    -|
    | + grp_bucket_unit_csim_sr_fu_430*                              |  Timing|   0.21|        -|          -|         -|        -|     -|  dataflow|        -|  23 (~0%)|  6245 (~0%)|   12672 (1%)|    -|
    |  + grp_bucket_unit_csim_sr_Loop_VITIS_LOOP_226_5_proc10_fu_70  |       -|  -0.09|     8226|  3.290e+04|         -|     8226|     -|        no|        -|  23 (~0%)|  4885 (~0%)|  10365 (~0%)|    -|
    |   + grp_padd_fu_110                                            |       -|  -0.09|       31|    124.000|         -|        1|     -|       yes|        -|  23 (~0%)|  4648 (~0%)|  10174 (~0%)|    -|
    |    + grp_pdouble_fu_102                                        |       -|  -0.11|       22|     88.000|         -|        1|     -|       yes|        -|   7 (~0%)|  1217 (~0%)|   3069 (~0%)|    -|
    |   o VITIS_LOOP_226_5                                           |       -|  -2.92|     8224|  3.290e+04|        35|        1|  8191|       yes|        -|         -|           -|            -|    -|
    |  + grp_bucket_unit_csim_sr_Block_split30_proc9_fu_77           |  Timing|   0.21|        -|          -|         -|        -|     -|        no|        -|         -|   911 (~0%)|   1923 (~0%)|    -|
    |   o Loop 1                                                     |       -|  -2.92|       16|     64.000|         1|        1|    16|       yes|        -|         -|           -|            -|    -|
    |   o Loop 2                                                     |       -|  -2.92|       16|     64.000|         1|        1|    16|       yes|        -|         -|           -|            -|    -|
    |   o VITIS_LOOP_142_1                                           |      II|  -2.92|        -|          -|        22|       20|     -|       yes|        -|         -|           -|            -|    -|
    | o VITIS_LOOP_98_1                                              |       -|  -2.92|      128|    512.000|         2|        1|   128|       yes|        -|         -|           -|            -|    -|
    | o VITIS_LOOP_108_2                                             |       -|  -2.92|      129|    516.000|         3|        1|   128|       yes|        -|         -|           -|            -|    -|
    | o VITIS_LOOP_117_3                                             |       -|  -2.92|       15|     60.000|         2|        1|    15|       yes|        -|         -|           -|            -|    -|
    +----------------------------------------------------------------+--------+-------+---------+-----------+----------+---------+------+----------+---------+----------+------------+-------------+-----+

