

================================================================
== Synthesis Summary Report of 'msm_arr'
================================================================
+ General Information: 
    * Date:           Sun Aug  7 03:05:08 2022
    * Version:        2020.2 (Build 3064766 on Wed Nov 18 09:12:47 MST 2020)
    * Project:        hls_msm_32w_13bit
    * Solution:       solution1 (Vivado IP Flow Target)
    * Product family: virtexuplus
    * Target device:  xcvu9p-flga2104-2-i
    

+ Performance & Resource Estimates: 
    
    PS: '+' for module; 'o' for loop; '*' for dataflow
    +---------------------------------------------------------+------+-------+---------+-----------+----------+---------+------+----------+---------+----------+------------+-------------+-----+
    |                         Modules                         | Issue|       | Latency |  Latency  | Iteration|         | Trip |          |         |          |            |             |     |
    |                         & Loops                         | Type | Slack | (cycles)|    (ns)   |  Latency | Interval| Count| Pipelined|  BRAM   |    DSP   |     FF     |     LUT     | URAM|
    +---------------------------------------------------------+------+-------+---------+-----------+----------+---------+------+----------+---------+----------+------------+-------------+-----+
    |+ msm_arr                                                |     -|  -0.09|        -|          -|         -|        -|     -|        no|  4 (~0%)|  23 (~0%)|  8416 (~0%)|   13887 (1%)|    -|
    | + grp_bucket_unit_fu_432*                               |     -|  -0.09|        -|          -|         -|        -|     -|  dataflow|        -|  23 (~0%)|  8078 (~0%)|   13200 (1%)|    -|
    |  + grp_bucket_unit_Loop_VITIS_LOOP_440_3_proc17_fu_182  |     -|  -0.09|     8226|  3.290e+04|         -|     8226|     -|        no|        -|  23 (~0%)|  4885 (~0%)|  10365 (~0%)|    -|
    |   + grp_padd_fu_110                                     |     -|  -0.09|       31|    124.000|         -|        1|     -|       yes|        -|  23 (~0%)|  4648 (~0%)|  10174 (~0%)|    -|
    |    + grp_pdouble_fu_102                                 |     -|  -0.11|       22|     88.000|         -|        1|     -|       yes|        -|   7 (~0%)|  1217 (~0%)|   3069 (~0%)|    -|
    |   o VITIS_LOOP_440_3                                    |     -|  -2.92|     8224|  3.290e+04|        35|        1|  8191|       yes|        -|         -|           -|            -|    -|
    |  + grp_bucket_unit_Loop_VITIS_LOOP_430_2_proc16_fu_189  |     -|  -0.23|     8195|  3.278e+04|         -|     8195|     -|        no|        -|         -|   311 (~0%)|    434 (~0%)|    -|
    |   o VITIS_LOOP_430_2                                    |     -|  -2.92|     8193|  3.277e+04|         4|        1|  8191|       yes|        -|         -|           -|            -|    -|
    |  + grp_bucket_unit_Loop_1_proc15_fu_213                 |     -|  -0.13|        -|          -|         -|        -|     -|        no|        -|         -|   264 (~0%)|    858 (~0%)|    -|
    |   o Loop 1                                              |     -|  -2.92|       16|     64.000|         2|        1|    16|       yes|        -|         -|           -|            -|    -|
    |   o VITIS_LOOP_384_1                                    |    II|  -2.92|        -|          -|         4|        2|     -|       yes|        -|         -|           -|            -|    -|
    | o VITIS_LOOP_98_1                                       |     -|  -2.92|      128|    512.000|         2|        1|   128|       yes|        -|         -|           -|            -|    -|
    | o VITIS_LOOP_108_2                                      |     -|  -2.92|      129|    516.000|         3|        1|   128|       yes|        -|         -|           -|            -|    -|
    | o VITIS_LOOP_117_3                                      |     -|  -2.92|       15|     60.000|         2|        1|    15|       yes|        -|         -|           -|            -|    -|
    +---------------------------------------------------------+------+-------+---------+-----------+----------+---------+------+----------+---------+----------+------------+-------------+-----+

