

================================================================
== Vitis HLS Report for 'padd'
================================================================
* Date:           Sat Jul 30 14:59:51 2022

* Version:        2020.2 (Build 3064766 on Wed Nov 18 09:12:47 MST 2020)
* Project:        hls_msm_32w_13bit
* Solution:       solution1 (Vivado IP Flow Target)
* Product family: virtexuplus
* Target device:  xcvu9p-flga2104-2-i


================================================================
== Performance Estimates
================================================================
+ Timing: 
    * Summary: 
    +--------+---------+----------+------------+
    |  Clock |  Target | Estimated| Uncertainty|
    +--------+---------+----------+------------+
    |ap_clk  |  4.00 ns|  2.833 ns|     1.08 ns|
    +--------+---------+----------+------------+

+ Latency: 
    * Summary: 
    +---------+---------+----------+----------+-----+-----+---------+
    |  Latency (cycles) |  Latency (absolute) |  Interval | Pipeline|
    |   min   |   max   |    min   |    max   | min | max |   Type  |
    +---------+---------+----------+----------+-----+-----+---------+
    |       31|       31|  0.124 us|  0.124 us|    1|    1|      yes|
    +---------+---------+----------+----------+-----+-----+---------+

    + Detail: 
        * Instance: 
        +--------------------+---------+---------+---------+-----------+-----------+-----+-----+---------+
        |                    |         |  Latency (cycles) |   Latency (absolute)  |  Interval | Pipeline|
        |      Instance      |  Module |   min   |   max   |    min    |    max    | min | max |   Type  |
        +--------------------+---------+---------+---------+-----------+-----------+-----+-----+---------+
        |grp_pdouble_fu_102  |pdouble  |       22|       22|  88.000 ns|  88.000 ns|    1|    1|      yes|
        +--------------------+---------+---------+---------+-----------+-----------+-----+-----+---------+

        * Loop: 
        N/A



================================================================
== Utilization Estimates
================================================================
* Summary: 
+---------------------+---------+------+---------+---------+-----+
|         Name        | BRAM_18K|  DSP |    FF   |   LUT   | URAM|
+---------------------+---------+------+---------+---------+-----+
|DSP                  |        -|    16|        -|        -|    -|
|Expression           |        -|     -|        0|     6278|    -|
|FIFO                 |        -|     -|        -|        -|    -|
|Instance             |        -|     7|     1217|     3069|    -|
|Memory               |        -|     -|        -|        -|    -|
|Multiplexer          |        -|     -|        -|       27|    -|
|Register             |        -|     -|     3431|      800|    -|
+---------------------+---------+------+---------+---------+-----+
|Total                |        0|    23|     4648|    10174|    0|
+---------------------+---------+------+---------+---------+-----+
|Available SLR        |     1440|  2280|   788160|   394080|  320|
+---------------------+---------+------+---------+---------+-----+
|Utilization SLR (%)  |        0|     1|       ~0|        2|    0|
+---------------------+---------+------+---------+---------+-----+
|Available            |     4320|  6840|  2364480|  1182240|  960|
+---------------------+---------+------+---------+---------+-----+
|Utilization (%)      |        0|    ~0|       ~0|       ~0|    0|
+---------------------+---------+------+---------+---------+-----+

+ Detail: 
    * Instance: 
    +--------------------+---------+---------+----+------+------+-----+
    |      Instance      |  Module | BRAM_18K| DSP|  FF  |  LUT | URAM|
    +--------------------+---------+---------+----+------+------+-----+
    |grp_pdouble_fu_102  |pdouble  |        0|   7|  1217|  3069|    0|
    +--------------------+---------+---------+----+------+------+-----+
    |Total               |         |        0|   7|  1217|  3069|    0|
    +--------------------+---------+---------+----+------+------+-----+

    * DSP: 
    +------------------------------+--------------------------+-----------+
    |           Instance           |          Module          | Expression|
    +------------------------------+--------------------------+-----------+
    |mul_mul_13ns_13ns_26_4_1_U21  |mul_mul_13ns_13ns_26_4_1  |    i0 * i0|
    |mul_mul_13ns_13ns_26_4_1_U22  |mul_mul_13ns_13ns_26_4_1  |    i0 * i0|
    |mul_mul_13ns_13ns_26_4_1_U23  |mul_mul_13ns_13ns_26_4_1  |    i0 * i1|
    |mul_mul_13ns_13ns_26_4_1_U24  |mul_mul_13ns_13ns_26_4_1  |    i0 * i1|
    |mul_mul_13ns_13ns_26_4_1_U25  |mul_mul_13ns_13ns_26_4_1  |    i0 * i1|
    |mul_mul_13ns_13ns_26_4_1_U26  |mul_mul_13ns_13ns_26_4_1  |    i0 * i1|
    |mul_mul_13ns_13ns_26_4_1_U27  |mul_mul_13ns_13ns_26_4_1  |    i0 * i1|
    |mul_mul_13ns_13ns_26_4_1_U28  |mul_mul_13ns_13ns_26_4_1  |    i0 * i1|
    |mul_mul_13ns_13ns_26_4_1_U29  |mul_mul_13ns_13ns_26_4_1  |    i0 * i0|
    |mul_mul_13ns_13ns_26_4_1_U30  |mul_mul_13ns_13ns_26_4_1  |    i0 * i1|
    |mul_mul_13ns_13ns_26_4_1_U31  |mul_mul_13ns_13ns_26_4_1  |    i0 * i1|
    |mul_mul_13ns_13ns_26_4_1_U32  |mul_mul_13ns_13ns_26_4_1  |    i0 * i0|
    |mul_mul_13ns_13ns_26_4_1_U33  |mul_mul_13ns_13ns_26_4_1  |    i0 * i0|
    |mul_mul_13ns_13ns_26_4_1_U34  |mul_mul_13ns_13ns_26_4_1  |    i0 * i1|
    |mul_mul_13ns_13ns_26_4_1_U35  |mul_mul_13ns_13ns_26_4_1  |    i0 * i1|
    |mul_mul_13ns_13ns_26_4_1_U36  |mul_mul_13ns_13ns_26_4_1  |    i0 * i1|
    +------------------------------+--------------------------+-----------+

    * Memory: 
    N/A

    * FIFO: 
    N/A

    * Expression: 
    +----------------------------+----------+----+---+----+------------+------------+
    |        Variable Name       | Operation| DSP| FF| LUT| Bitwidth P0| Bitwidth P1|
    +----------------------------+----------+----+---+----+------------+------------+
    |add_ln208_15_fu_218_p2      |         +|   0|  0|  17|          10|          10|
    |add_ln208_17_fu_489_p2      |         +|   0|  0|  17|          10|          10|
    |add_ln208_19_fu_548_p2      |         +|   0|  0|  17|          10|          10|
    |add_ln208_21_fu_607_p2      |         +|   0|  0|  17|          10|          10|
    |add_ln208_23_fu_1198_p2     |         +|   0|  0|  17|          10|          10|
    |add_ln208_25_fu_666_p2      |         +|   0|  0|  17|          10|          10|
    |add_ln208_27_fu_1257_p2     |         +|   0|  0|  17|          10|          10|
    |add_ln208_29_fu_1514_p2     |         +|   0|  0|  17|          10|          10|
    |add_ln208_31_fu_1858_p2     |         +|   0|  0|  17|          10|          10|
    |add_ln208_33_fu_1917_p2     |         +|   0|  0|  17|          10|          10|
    |add_ln208_35_fu_1976_p2     |         +|   0|  0|  17|          10|          10|
    |add_ln208_37_fu_2693_p2     |         +|   0|  0|  17|          10|          10|
    |add_ln208_39_fu_2881_p2     |         +|   0|  0|  17|          10|          10|
    |add_ln208_41_fu_2209_p2     |         +|   0|  0|  17|          10|          10|
    |add_ln208_43_fu_2940_p2     |         +|   0|  0|  17|          10|          10|
    |add_ln208_fu_159_p2         |         +|   0|  0|  17|          10|          10|
    |add_ln213_30_fu_322_p2      |         +|   0|  0|  26|          26|          26|
    |add_ln213_33_fu_712_p2      |         +|   0|  0|  26|          26|          26|
    |add_ln213_36_fu_770_p2      |         +|   0|  0|  26|          26|          26|
    |add_ln213_39_fu_828_p2      |         +|   0|  0|  26|          26|          26|
    |add_ln213_42_fu_1303_p2     |         +|   0|  0|  26|          26|          26|
    |add_ln213_45_fu_886_p2      |         +|   0|  0|  26|          26|          26|
    |add_ln213_48_fu_1361_p2     |         +|   0|  0|  26|          26|          26|
    |add_ln213_51_fu_1108_p2     |         +|   0|  0|  20|          13|          13|
    |add_ln213_52_fu_1546_p2     |         +|   0|  0|  20|          13|          13|
    |add_ln213_53_fu_1577_p2     |         +|   0|  0|  26|          26|          26|
    |add_ln213_56_fu_2022_p2     |         +|   0|  0|  26|          26|          26|
    |add_ln213_59_fu_2080_p2     |         +|   0|  0|  26|          26|          26|
    |add_ln213_62_fu_2138_p2     |         +|   0|  0|  26|          26|          26|
    |add_ln213_68_fu_2769_p2     |         +|   0|  0|  26|          26|          26|
    |add_ln213_71_fu_2986_p2     |         +|   0|  0|  26|          26|          26|
    |add_ln213_75_fu_1798_p2     |         +|   0|  0|  26|          13|          13|
    |add_ln213_76_fu_2385_p2     |         +|   0|  0|  26|          26|          26|
    |add_ln213_81_fu_3044_p2     |         +|   0|  0|  26|          26|          26|
    |add_ln213_fu_264_p2         |         +|   0|  0|  26|          26|          26|
    |add_ln26_10_fu_1027_p2      |         +|   0|  0|  20|          13|           9|
    |add_ln26_11_fu_1420_p2      |         +|   0|  0|  20|          13|           9|
    |add_ln26_12_fu_1075_p2      |         +|   0|  0|  20|          13|           9|
    |add_ln26_13_fu_1461_p2      |         +|   0|  0|  20|          13|           9|
    |add_ln26_14_fu_1640_p2      |         +|   0|  0|  20|          13|           9|
    |add_ln26_15_fu_2256_p2      |         +|   0|  0|  20|          13|           9|
    |add_ln26_16_fu_2297_p2      |         +|   0|  0|  20|          13|           9|
    |add_ln26_17_fu_2338_p2      |         +|   0|  0|  20|          13|           9|
    |add_ln26_18_fu_2828_p2      |         +|   0|  0|  20|          13|           9|
    |add_ln26_19_fu_3135_p2      |         +|   0|  0|  20|          13|           9|
    |add_ln26_20_fu_2491_p2      |         +|   0|  0|  20|          13|           9|
    |add_ln26_21_fu_3176_p2      |         +|   0|  0|  20|          13|           9|
    |add_ln26_7_fu_422_p2        |         +|   0|  0|  20|          13|           9|
    |add_ln26_8_fu_945_p2        |         +|   0|  0|  20|          13|           9|
    |add_ln26_9_fu_986_p2        |         +|   0|  0|  20|          13|           9|
    |add_ln26_fu_381_p2          |         +|   0|  0|  20|          13|           9|
    |b_V_fu_3212_p2              |         +|   0|  0|  26|          13|          13|
    |ret_33_fu_1708_p2           |         +|   0|  0|  21|          14|          14|
    |t_V_10_fu_676_p2            |         +|   0|  0|  21|          14|          14|
    |t_V_11_fu_1267_p2           |         +|   0|  0|  21|          14|          14|
    |t_V_12_fu_1524_p2           |         +|   0|  0|  21|          14|          14|
    |t_V_13_fu_1868_p2           |         +|   0|  0|  21|          14|          14|
    |t_V_14_fu_1927_p2           |         +|   0|  0|  21|          14|          14|
    |t_V_15_fu_1986_p2           |         +|   0|  0|  21|          14|          14|
    |t_V_16_fu_2703_p2           |         +|   0|  0|  21|          14|          14|
    |t_V_17_fu_2891_p2           |         +|   0|  0|  21|          14|          14|
    |t_V_18_fu_2219_p2           |         +|   0|  0|  21|          14|          14|
    |t_V_19_fu_2950_p2           |         +|   0|  0|  21|          14|          14|
    |t_V_6_fu_499_p2             |         +|   0|  0|  21|          14|          14|
    |t_V_7_fu_558_p2             |         +|   0|  0|  21|          14|          14|
    |t_V_8_fu_617_p2             |         +|   0|  0|  21|          14|          14|
    |t_V_9_fu_1208_p2            |         +|   0|  0|  21|          14|          14|
    |t_V_fu_228_p2               |         +|   0|  0|  21|          14|          14|
    |t_fu_169_p2                 |         +|   0|  0|  21|          14|          14|
    |x_V_21_fu_2458_p2           |         +|   0|  0|  26|          13|          13|
    |x_V_26_fu_2620_p2           |         +|   0|  0|  26|          13|          13|
    |x_V_27_fu_2733_p2           |         +|   0|  0|  26|          13|          13|
    |y_V_100_fu_1439_p2          |         +|   0|  0|  33|          26|          14|
    |y_V_106_fu_1595_p2          |         +|   0|  0|  33|          26|          14|
    |y_V_108_fu_1618_p2          |         +|   0|  0|  33|          26|          14|
    |y_V_112_fu_2040_p2          |         +|   0|  0|  33|          26|          14|
    |y_V_114_fu_2234_p2          |         +|   0|  0|  33|          26|          14|
    |y_V_118_fu_2098_p2          |         +|   0|  0|  33|          26|          14|
    |y_V_120_fu_2275_p2          |         +|   0|  0|  33|          26|          14|
    |y_V_123_fu_2156_p2          |         +|   0|  0|  33|          26|          14|
    |y_V_125_fu_2316_p2          |         +|   0|  0|  33|          26|          14|
    |y_V_132_fu_2787_p2          |         +|   0|  0|  33|          26|          14|
    |y_V_134_fu_2806_p2          |         +|   0|  0|  33|          26|          14|
    |y_V_136_fu_2648_p2          |         +|   0|  0|  26|          13|          13|
    |y_V_138_fu_3004_p2          |         +|   0|  0|  33|          26|          14|
    |y_V_140_fu_3113_p2          |         +|   0|  0|  33|          26|          14|
    |y_V_144_fu_2403_p2          |         +|   0|  0|  33|          26|          14|
    |y_V_146_fu_2469_p2          |         +|   0|  0|  33|          26|          14|
    |y_V_150_fu_3062_p2          |         +|   0|  0|  33|          26|          14|
    |y_V_152_fu_3154_p2          |         +|   0|  0|  33|          26|          14|
    |y_V_160_fu_2598_p2          |         +|   0|  0|  26|          13|          13|
    |y_V_59_fu_282_p2            |         +|   0|  0|  33|          26|          14|
    |y_V_61_fu_359_p2            |         +|   0|  0|  33|          26|          14|
    |y_V_64_fu_340_p2            |         +|   0|  0|  33|          26|          14|
    |y_V_66_fu_400_p2            |         +|   0|  0|  33|          26|          14|
    |y_V_70_fu_730_p2            |         +|   0|  0|  33|          26|          14|
    |y_V_72_fu_923_p2            |         +|   0|  0|  33|          26|          14|
    |y_V_76_fu_788_p2            |         +|   0|  0|  33|          26|          14|
    |y_V_78_fu_964_p2            |         +|   0|  0|  33|          26|          14|
    |y_V_81_fu_846_p2            |         +|   0|  0|  33|          26|          14|
    |y_V_83_fu_1005_p2           |         +|   0|  0|  33|          26|          14|
    |y_V_87_fu_1321_p2           |         +|   0|  0|  33|          26|          14|
    |y_V_89_fu_1398_p2           |         +|   0|  0|  33|          26|          14|
    |y_V_92_fu_904_p2            |         +|   0|  0|  33|          26|          14|
    |y_V_94_fu_1053_p2           |         +|   0|  0|  33|          26|          14|
    |y_V_98_fu_1379_p2           |         +|   0|  0|  33|          26|          14|
    |H_V_fu_1113_p2              |         -|   0|  0|  20|          13|          13|
    |sub_ln213_10_fu_2454_p2     |         -|   0|  0|  26|          13|          13|
    |sub_ln213_13_fu_2616_p2     |         -|   0|  0|  26|          13|          13|
    |sub_ln213_28_fu_259_p2      |         -|   0|  0|  33|          26|          26|
    |sub_ln213_30_fu_317_p2      |         -|   0|  0|  33|          26|          26|
    |sub_ln213_32_fu_707_p2      |         -|   0|  0|  33|          26|          26|
    |sub_ln213_34_fu_765_p2      |         -|   0|  0|  33|          26|          26|
    |sub_ln213_36_fu_823_p2      |         -|   0|  0|  33|          26|          26|
    |sub_ln213_38_fu_1298_p2     |         -|   0|  0|  33|          26|          26|
    |sub_ln213_40_fu_881_p2      |         -|   0|  0|  33|          26|          26|
    |sub_ln213_42_fu_1356_p2     |         -|   0|  0|  33|          26|          26|
    |sub_ln213_47_fu_1572_p2     |         -|   0|  0|  33|          26|          26|
    |sub_ln213_49_fu_2017_p2     |         -|   0|  0|  33|          26|          26|
    |sub_ln213_52_fu_2075_p2     |         -|   0|  0|  33|          26|          26|
    |sub_ln213_54_fu_2133_p2     |         -|   0|  0|  33|          26|          26|
    |sub_ln213_57_fu_2644_p2     |         -|   0|  0|  26|          13|          13|
    |sub_ln213_58_fu_2764_p2     |         -|   0|  0|  33|          26|          26|
    |sub_ln213_61_fu_2981_p2     |         -|   0|  0|  33|          26|          26|
    |sub_ln213_63_fu_3208_p2     |         -|   0|  0|  26|          13|          13|
    |sub_ln213_65_fu_2380_p2     |         -|   0|  0|  33|          26|          26|
    |sub_ln213_67_fu_2729_p2     |         -|   0|  0|  26|          13|          13|
    |sub_ln213_68_fu_3039_p2     |         -|   0|  0|  33|          26|          26|
    |sub_ln213_fu_2593_p2        |         -|   0|  0|  26|          13|          13|
    |t3_V_fu_1609_p2             |         -|   0|  0|  20|          13|          13|
    |x_V_15_fu_1145_p2           |         -|   0|  0|  20|          13|          13|
    |x_V_18_fu_1689_p2           |         -|   0|  0|  20|          13|          13|
    |x_V_24_fu_1809_p2           |         -|   0|  0|  26|          13|          13|
    |y_V_105_fu_1583_p2          |         -|   0|  0|  26|          26|          26|
    |y_V_111_fu_2028_p2          |         -|   0|  0|  26|          26|          26|
    |y_V_117_fu_2086_p2          |         -|   0|  0|  26|          26|          26|
    |y_V_122_fu_2144_p2          |         -|   0|  0|  26|          26|          26|
    |y_V_129_fu_2574_p2          |         -|   0|  0|  20|          13|          13|
    |y_V_131_fu_2775_p2          |         -|   0|  0|  26|          26|          26|
    |y_V_137_fu_2992_p2          |         -|   0|  0|  26|          26|          26|
    |y_V_142_fu_3102_p2          |         -|   0|  0|  20|          13|          13|
    |y_V_143_fu_2391_p2          |         -|   0|  0|  26|          26|          26|
    |y_V_149_fu_3050_p2          |         -|   0|  0|  26|          26|          26|
    |y_V_63_fu_328_p2            |         -|   0|  0|  26|          26|          26|
    |y_V_69_fu_718_p2            |         -|   0|  0|  26|          26|          26|
    |y_V_75_fu_776_p2            |         -|   0|  0|  26|          26|          26|
    |y_V_80_fu_834_p2            |         -|   0|  0|  26|          26|          26|
    |y_V_86_fu_1309_p2           |         -|   0|  0|  26|          26|          26|
    |y_V_91_fu_892_p2            |         -|   0|  0|  26|          26|          26|
    |y_V_97_fu_1367_p2           |         -|   0|  0|  26|          26|          26|
    |y_V_fu_270_p2               |         -|   0|  0|  26|          26|          26|
    |and_ln51_fu_1774_p2         |       and|   0|  0|   2|           1|           1|
    |and_ln53_fu_1745_p2         |       and|   0|  0|   2|           1|           1|
    |and_ln870_fu_1756_p2        |       and|   0|  0|   2|           1|           1|
    |icmp_ln51_fu_1735_p2        |      icmp|   0|  0|  12|          13|           1|
    |icmp_ln870_1_fu_1725_p2     |      icmp|   0|  0|  12|          13|           1|
    |icmp_ln870_2_fu_1155_p2     |      icmp|   0|  0|  12|          13|          13|
    |icmp_ln870_fu_1720_p2       |      icmp|   0|  0|  12|          13|           1|
    |icmp_ln874_fu_1741_p2       |      icmp|   0|  0|  12|          13|          13|
    |icmp_ln878_10_fu_2436_p2    |      icmp|   0|  0|  12|          14|          13|
    |icmp_ln878_11_fu_3083_p2    |      icmp|   0|  0|  12|          14|          13|
    |icmp_ln878_12_fu_1714_p2    |      icmp|   0|  0|  12|          14|          13|
    |icmp_ln878_9_fu_1669_p2     |      icmp|   0|  0|  12|          14|          13|
    |icmp_ln878_fu_1125_p2       |      icmp|   0|  0|  12|          14|          13|
    |icmp_ln882_21_fu_354_p2     |      icmp|   0|  0|  17|          26|          13|
    |icmp_ln882_22_fu_371_p2     |      icmp|   0|  0|  17|          26|          13|
    |icmp_ln882_23_fu_334_p2     |      icmp|   0|  0|  17|          26|          13|
    |icmp_ln882_24_fu_395_p2     |      icmp|   0|  0|  17|          26|          13|
    |icmp_ln882_25_fu_412_p2     |      icmp|   0|  0|  17|          26|          13|
    |icmp_ln882_26_fu_724_p2     |      icmp|   0|  0|  17|          26|          13|
    |icmp_ln882_27_fu_918_p2     |      icmp|   0|  0|  17|          26|          13|
    |icmp_ln882_28_fu_935_p2     |      icmp|   0|  0|  17|          26|          13|
    |icmp_ln882_29_fu_782_p2     |      icmp|   0|  0|  17|          26|          13|
    |icmp_ln882_30_fu_959_p2     |      icmp|   0|  0|  17|          26|          13|
    |icmp_ln882_31_fu_976_p2     |      icmp|   0|  0|  17|          26|          13|
    |icmp_ln882_32_fu_840_p2     |      icmp|   0|  0|  17|          26|          13|
    |icmp_ln882_33_fu_1000_p2    |      icmp|   0|  0|  17|          26|          13|
    |icmp_ln882_34_fu_1017_p2    |      icmp|   0|  0|  17|          26|          13|
    |icmp_ln882_35_fu_1315_p2    |      icmp|   0|  0|  17|          26|          13|
    |icmp_ln882_36_fu_1393_p2    |      icmp|   0|  0|  17|          26|          13|
    |icmp_ln882_37_fu_1410_p2    |      icmp|   0|  0|  17|          26|          13|
    |icmp_ln882_38_fu_898_p2     |      icmp|   0|  0|  17|          26|          13|
    |icmp_ln882_39_fu_1048_p2    |      icmp|   0|  0|  17|          26|          13|
    |icmp_ln882_40_fu_1065_p2    |      icmp|   0|  0|  17|          26|          13|
    |icmp_ln882_41_fu_1373_p2    |      icmp|   0|  0|  17|          26|          13|
    |icmp_ln882_42_fu_1434_p2    |      icmp|   0|  0|  17|          26|          13|
    |icmp_ln882_43_fu_1451_p2    |      icmp|   0|  0|  17|          26|          13|
    |icmp_ln882_44_fu_1589_p2    |      icmp|   0|  0|  17|          26|          13|
    |icmp_ln882_45_fu_1613_p2    |      icmp|   0|  0|  17|          26|          13|
    |icmp_ln882_46_fu_1630_p2    |      icmp|   0|  0|  17|          26|          13|
    |icmp_ln882_47_fu_2034_p2    |      icmp|   0|  0|  17|          26|          13|
    |icmp_ln882_48_fu_2229_p2    |      icmp|   0|  0|  17|          26|          13|
    |icmp_ln882_49_fu_2246_p2    |      icmp|   0|  0|  17|          26|          13|
    |icmp_ln882_50_fu_2092_p2    |      icmp|   0|  0|  17|          26|          13|
    |icmp_ln882_51_fu_2270_p2    |      icmp|   0|  0|  17|          26|          13|
    |icmp_ln882_52_fu_2287_p2    |      icmp|   0|  0|  17|          26|          13|
    |icmp_ln882_53_fu_2150_p2    |      icmp|   0|  0|  17|          26|          13|
    |icmp_ln882_54_fu_2311_p2    |      icmp|   0|  0|  17|          26|          13|
    |icmp_ln882_55_fu_2328_p2    |      icmp|   0|  0|  17|          26|          13|
    |icmp_ln882_56_fu_2781_p2    |      icmp|   0|  0|  17|          26|          13|
    |icmp_ln882_57_fu_2801_p2    |      icmp|   0|  0|  17|          26|          13|
    |icmp_ln882_58_fu_2818_p2    |      icmp|   0|  0|  17|          26|          13|
    |icmp_ln882_59_fu_2998_p2    |      icmp|   0|  0|  17|          26|          13|
    |icmp_ln882_60_fu_3108_p2    |      icmp|   0|  0|  17|          26|          13|
    |icmp_ln882_61_fu_3125_p2    |      icmp|   0|  0|  17|          26|          13|
    |icmp_ln882_62_fu_2397_p2    |      icmp|   0|  0|  17|          26|          13|
    |icmp_ln882_63_fu_2464_p2    |      icmp|   0|  0|  17|          26|          13|
    |icmp_ln882_64_fu_2481_p2    |      icmp|   0|  0|  17|          26|          13|
    |icmp_ln882_65_fu_3056_p2    |      icmp|   0|  0|  17|          26|          13|
    |icmp_ln882_66_fu_3149_p2    |      icmp|   0|  0|  17|          26|          13|
    |icmp_ln882_67_fu_3166_p2    |      icmp|   0|  0|  17|          26|          13|
    |icmp_ln882_fu_276_p2        |      icmp|   0|  0|  17|          26|          13|
    |icmp_ln886_10_fu_2604_p2    |      icmp|   0|  0|  12|          13|          13|
    |icmp_ln886_11_fu_2717_p2    |      icmp|   0|  0|  12|          13|          13|
    |icmp_ln886_5_fu_1534_p2     |      icmp|   0|  0|  12|          13|          13|
    |icmp_ln886_6_fu_2442_p2     |      icmp|   0|  0|  12|          13|          13|
    |icmp_ln886_7_fu_2580_p2     |      icmp|   0|  0|  12|          13|          13|
    |icmp_ln886_8_fu_2632_p2     |      icmp|   0|  0|  12|          13|          13|
    |icmp_ln886_9_fu_3196_p2     |      icmp|   0|  0|  12|          13|          13|
    |icmp_ln886_fu_1096_p2       |      icmp|   0|  0|  12|          13|          13|
    |or_ln51_1_fu_1780_p2        |        or|   0|  0|   2|           1|           1|
    |or_ln51_2_fu_1786_p2        |        or|   0|  0|   2|           1|           1|
    |or_ln51_3_fu_1792_p2        |        or|   0|  0|   2|           1|           1|
    |or_ln51_fu_1730_p2          |        or|   0|  0|  13|          13|          13|
    |or_ln870_fu_1762_p2         |        or|   0|  0|   2|           1|           1|
    |select_ln213_14_fu_1538_p3  |    select|   0|  0|  10|           1|           1|
    |select_ln213_15_fu_1137_p3  |    select|   0|  0|  10|           1|           1|
    |select_ln213_16_fu_1681_p3  |    select|   0|  0|  10|           1|           1|
    |select_ln213_17_fu_2567_p3  |    select|   0|  0|  10|           1|           1|
    |select_ln213_18_fu_2446_p3  |    select|   0|  0|  10|           1|           1|
    |select_ln213_19_fu_2585_p3  |    select|   0|  0|  10|           1|           1|
    |select_ln213_20_fu_2636_p3  |    select|   0|  0|  10|           1|           1|
    |select_ln213_21_fu_3094_p3  |    select|   0|  0|  10|           1|           1|
    |select_ln213_22_fu_3200_p3  |    select|   0|  0|  10|           1|           1|
    |select_ln213_23_fu_1802_p3  |    select|   0|  0|  10|           1|           1|
    |select_ln213_24_fu_2608_p3  |    select|   0|  0|  10|           1|           1|
    |select_ln213_25_fu_2721_p3  |    select|   0|  0|  10|           1|           1|
    |select_ln213_fu_1100_p3     |    select|   0|  0|  10|           1|           1|
    |select_ln26_fu_2834_p3      |    select|   0|  0|  13|           1|          13|
    |select_ln51_10_fu_3182_p3   |    select|   0|  0|  13|           1|          13|
    |select_ln51_11_fu_2555_p3   |    select|   0|  0|  13|           1|          13|
    |select_ln51_12_fu_3190_p3   |    select|   0|  0|  13|           1|          13|
    |select_ln51_1_fu_2511_p3    |    select|   0|  0|  13|           1|          13|
    |select_ln51_2_fu_2517_p3    |    select|   0|  0|  13|           1|          13|
    |select_ln51_3_fu_2626_p3    |    select|   0|  0|  13|           1|          13|
    |select_ln51_4_fu_2524_p3    |    select|   0|  0|  13|           1|          13|
    |select_ln51_5_fu_2530_p3    |    select|   0|  0|  13|           1|          13|
    |select_ln51_6_fu_2536_p3    |    select|   0|  0|  13|           1|          13|
    |select_ln51_7_fu_3218_p3    |    select|   0|  0|  13|           1|          13|
    |select_ln51_8_fu_2543_p3    |    select|   0|  0|  13|           1|          13|
    |select_ln51_9_fu_2549_p3    |    select|   0|  0|  13|           1|          13|
    |select_ln51_fu_2505_p3      |    select|   0|  0|  13|           1|          13|
    |x_V_13_fu_1467_p3           |    select|   0|  0|  13|           1|          13|
    |x_V_20_fu_2344_p3           |    select|   0|  0|  13|           1|          13|
    |x_V_23_fu_3141_p3           |    select|   0|  0|  13|           1|          13|
    |x_V_25_fu_2497_p3           |    select|   0|  0|  13|           1|          13|
    |x_V_fu_992_p3               |    select|   0|  0|  13|           1|          13|
    |y_V_101_fu_1444_p3          |    select|   0|  0|  26|           1|          26|
    |y_V_107_fu_1601_p3          |    select|   0|  0|  26|           1|          26|
    |y_V_109_fu_1623_p3          |    select|   0|  0|  26|           1|          26|
    |y_V_110_fu_1646_p3          |    select|   0|  0|  13|           1|          13|
    |y_V_113_fu_2046_p3          |    select|   0|  0|  26|           1|          26|
    |y_V_115_fu_2239_p3          |    select|   0|  0|  26|           1|          26|
    |y_V_119_fu_2104_p3          |    select|   0|  0|  26|           1|          26|
    |y_V_121_fu_2280_p3          |    select|   0|  0|  26|           1|          26|
    |y_V_124_fu_2162_p3          |    select|   0|  0|  26|           1|          26|
    |y_V_126_fu_2321_p3          |    select|   0|  0|  26|           1|          26|
    |y_V_133_fu_2793_p3          |    select|   0|  0|  26|           1|          26|
    |y_V_135_fu_2811_p3          |    select|   0|  0|  26|           1|          26|
    |y_V_139_fu_3010_p3          |    select|   0|  0|  26|           1|          26|
    |y_V_141_fu_3118_p3          |    select|   0|  0|  26|           1|          26|
    |y_V_145_fu_2409_p3          |    select|   0|  0|  26|           1|          26|
    |y_V_147_fu_2474_p3          |    select|   0|  0|  26|           1|          26|
    |y_V_151_fu_3068_p3          |    select|   0|  0|  26|           1|          26|
    |y_V_153_fu_3159_p3          |    select|   0|  0|  26|           1|          26|
    |y_V_154_fu_1033_p3          |    select|   0|  0|  13|           1|          13|
    |y_V_155_fu_1081_p3          |    select|   0|  0|  13|           1|          13|
    |y_V_156_fu_951_p3           |    select|   0|  0|  13|           1|          13|
    |y_V_157_fu_1426_p3          |    select|   0|  0|  13|           1|          13|
    |y_V_158_fu_2303_p3          |    select|   0|  0|  13|           1|          13|
    |y_V_159_fu_2262_p3          |    select|   0|  0|  13|           1|          13|
    |y_V_60_fu_288_p3            |    select|   0|  0|  26|           1|          26|
    |y_V_62_fu_364_p3            |    select|   0|  0|  26|           1|          26|
    |y_V_65_fu_346_p3            |    select|   0|  0|  26|           1|          26|
    |y_V_67_fu_405_p3            |    select|   0|  0|  26|           1|          26|
    |y_V_68_fu_428_p3            |    select|   0|  0|  13|           1|          13|
    |y_V_71_fu_736_p3            |    select|   0|  0|  26|           1|          26|
    |y_V_73_fu_928_p3            |    select|   0|  0|  26|           1|          26|
    |y_V_74_fu_387_p3            |    select|   0|  0|  13|           1|          13|
    |y_V_77_fu_794_p3            |    select|   0|  0|  26|           1|          26|
    |y_V_79_fu_969_p3            |    select|   0|  0|  26|           1|          26|
    |y_V_82_fu_852_p3            |    select|   0|  0|  26|           1|          26|
    |y_V_84_fu_1010_p3           |    select|   0|  0|  26|           1|          26|
    |y_V_88_fu_1327_p3           |    select|   0|  0|  26|           1|          26|
    |y_V_90_fu_1403_p3           |    select|   0|  0|  26|           1|          26|
    |y_V_93_fu_910_p3            |    select|   0|  0|  26|           1|          26|
    |y_V_95_fu_1058_p3           |    select|   0|  0|  26|           1|          26|
    |y_V_99_fu_1385_p3           |    select|   0|  0|  26|           1|          26|
    |xor_ln870_1_fu_1768_p2      |       xor|   0|  0|   2|           1|           2|
    |xor_ln870_fu_1750_p2        |       xor|   0|  0|   2|           1|           2|
    +----------------------------+----------+----+---+----+------------+------------+
    |Total                       |          |   0|  0|6278|        4554|        4579|
    +----------------------------+----------+----+---+----+------------+------------+

    * Multiplexer: 
    +-------------+----+-----------+-----+-----------+
    |     Name    | LUT| Input Size| Bits| Total Bits|
    +-------------+----+-----------+-----+-----------+
    |ap_return_0  |   9|          2|   13|         26|
    |ap_return_1  |   9|          2|   13|         26|
    |ap_return_2  |   9|          2|   13|         26|
    +-------------+----+-----------+-----+-----------+
    |Total        |  27|          6|   39|         78|
    +-------------+----+-----------+-----+-----------+

    * Register: 
    +--------------------------+----+----+-----+-----------+
    |           Name           | FF | LUT| Bits| Const Bits|
    +--------------------------+----+----+-----+-----------+
    |H_V_reg_3649              |  13|   0|   13|          0|
    |add_ln213_51_reg_3643     |  13|   0|   13|          0|
    |add_ln213_52_reg_3742     |  13|   0|   13|          0|
    |and_ln51_reg_3791         |   1|   0|    1|          0|
    |ap_ce_reg                 |   1|   0|    1|          0|
    |ap_return_0_int_reg       |  13|   0|   13|          0|
    |ap_return_1_int_reg       |  13|   0|   13|          0|
    |ap_return_2_int_reg       |  13|   0|   13|          0|
    |icmp_ln870_2_reg_3661     |   1|   0|    1|          0|
    |icmp_ln870_reg_3784       |   1|   0|    1|          0|
    |icmp_ln878_10_reg_3940    |   1|   0|    1|          0|
    |icmp_ln878_12_reg_3779    |   1|   0|    1|          0|
    |or_ln51_1_reg_3798        |   1|   0|    1|          0|
    |or_ln51_3_reg_3805        |   1|   0|    1|          0|
    |p1_x_int_reg              |  13|   0|   13|          0|
    |p1_x_read_reg_3416        |  13|   0|   13|          0|
    |p1_y_int_reg              |  13|   0|   13|          0|
    |p1_y_read_reg_3409        |  13|   0|   13|          0|
    |p1_z_int_reg              |  13|   0|   13|          0|
    |p1_z_read_reg_3400        |  13|   0|   13|          0|
    |p2_x_int_reg              |  13|   0|   13|          0|
    |p2_x_read_reg_3394        |  13|   0|   13|          0|
    |p2_y_int_reg              |  13|   0|   13|          0|
    |p2_y_read_reg_3388        |  13|   0|   13|          0|
    |p2_z_int_reg              |  13|   0|   13|          0|
    |p2_z_read_reg_3380        |  13|   0|   13|          0|
    |ret_16_reg_3453           |  26|   0|   26|          0|
    |ret_17_reg_3517           |  26|   0|   26|          0|
    |ret_18_reg_3533           |  26|   0|   26|          0|
    |ret_19_reg_3549           |  26|   0|   26|          0|
    |ret_20_reg_3666           |  26|   0|   26|          0|
    |ret_21_reg_3565           |  26|   0|   26|          0|
    |ret_22_reg_3682           |  26|   0|   26|          0|
    |ret_24_reg_3726           |  26|   0|   26|          0|
    |ret_25_reg_3818           |  26|   0|   26|          0|
    |ret_27_reg_3834           |  26|   0|   26|          0|
    |ret_28_reg_3850           |  26|   0|   26|          0|
    |ret_30_reg_3989           |  26|   0|   26|          0|
    |ret_32_reg_4028           |  26|   0|   26|          0|
    |ret_34_reg_3887           |  26|   0|   26|          0|
    |ret_35_reg_4044           |  26|   0|   26|          0|
    |ret_reg_3437              |  26|   0|   26|          0|
    |select_ln26_reg_4022      |  13|   0|   13|          0|
    |select_ln51_11_reg_3967   |  13|   0|   13|          0|
    |select_ln51_12_reg_4086   |  13|   0|   13|          0|
    |select_ln51_2_reg_3957    |  13|   0|   13|          0|
    |select_ln51_3_reg_3984    |  13|   0|   13|          0|
    |select_ln51_6_reg_3962    |  13|   0|   13|          0|
    |t_V_10_reg_3570           |  14|   0|   14|          0|
    |t_V_11_reg_3687           |  14|   0|   14|          0|
    |t_V_12_reg_3731           |  14|   0|   14|          0|
    |t_V_13_reg_3823           |  14|   0|   14|          0|
    |t_V_14_reg_3839           |  14|   0|   14|          0|
    |t_V_15_reg_3855           |  14|   0|   14|          0|
    |t_V_16_reg_3994           |  14|   0|   14|          0|
    |t_V_17_reg_4033           |  14|   0|   14|          0|
    |t_V_18_reg_3892           |  14|   0|   14|          0|
    |t_V_19_reg_4049           |  14|   0|   14|          0|
    |t_V_6_reg_3522            |  14|   0|   14|          0|
    |t_V_7_reg_3538            |  14|   0|   14|          0|
    |t_V_8_reg_3554            |  14|   0|   14|          0|
    |t_V_9_reg_3671            |  14|   0|   14|          0|
    |t_V_reg_3458              |  14|   0|   14|          0|
    |t_reg_3442                |  14|   0|   14|          0|
    |trunc_ln1497_66_reg_3464  |  13|   0|   13|          0|
    |trunc_ln1497_67_reg_3528  |  13|   0|   13|          0|
    |trunc_ln1497_68_reg_3544  |  13|   0|   13|          0|
    |trunc_ln1497_69_reg_3560  |  13|   0|   13|          0|
    |trunc_ln1497_70_reg_3677  |  13|   0|   13|          0|
    |trunc_ln1497_71_reg_3576  |  13|   0|   13|          0|
    |trunc_ln1497_72_reg_3693  |  13|   0|   13|          0|
    |trunc_ln1497_73_reg_3737  |  13|   0|   13|          0|
    |trunc_ln1497_74_reg_3829  |  13|   0|   13|          0|
    |trunc_ln1497_75_reg_3845  |  13|   0|   13|          0|
    |trunc_ln1497_76_reg_3861  |  13|   0|   13|          0|
    |trunc_ln1497_77_reg_4000  |  13|   0|   13|          0|
    |trunc_ln1497_78_reg_4039  |  13|   0|   13|          0|
    |trunc_ln1497_79_reg_3898  |  13|   0|   13|          0|
    |trunc_ln1497_80_reg_4055  |  13|   0|   13|          0|
    |trunc_ln1497_reg_3448     |  13|   0|   13|          0|
    |x_V_13_reg_3720           |  13|   0|   13|          0|
    |x_V_20_reg_3917           |  13|   0|   13|          0|
    |x_V_21_reg_3945           |  13|   0|   13|          0|
    |x_V_23_reg_4080           |  13|   0|   13|          0|
    |x_V_25_reg_3951           |  13|   0|   13|          0|
    |x_V_26_reg_3978           |  13|   0|   13|          0|
    |x_V_reg_3617              |  13|   0|   13|          0|
    |y_V_107_reg_3748          |  26|   0|   26|          0|
    |y_V_113_reg_3866          |  26|   0|   26|          0|
    |y_V_119_reg_3873          |  26|   0|   26|          0|
    |y_V_124_reg_3880          |  26|   0|   26|          0|
    |y_V_133_reg_4015          |  26|   0|   26|          0|
    |y_V_139_reg_4060          |  26|   0|   26|          0|
    |y_V_142_reg_4074          |  13|   0|   13|          0|
    |y_V_145_reg_3933          |  26|   0|   26|          0|
    |y_V_151_reg_4067          |  26|   0|   26|          0|
    |y_V_156_reg_3609          |  13|   0|   13|          0|
    |y_V_157_reg_3712          |  13|   0|   13|          0|
    |y_V_158_reg_3909          |  13|   0|   13|          0|
    |y_V_159_reg_3903          |  13|   0|   13|          0|
    |y_V_160_reg_3972          |  13|   0|   13|          0|
    |y_V_60_reg_3469           |  26|   0|   26|          0|
    |y_V_65_reg_3476           |  26|   0|   26|          0|
    |y_V_68_reg_3489           |  13|   0|   13|          0|
    |y_V_71_reg_3581           |  26|   0|   26|          0|
    |y_V_74_reg_3483           |  13|   0|   13|          0|
    |y_V_77_reg_3588           |  26|   0|   26|          0|
    |y_V_82_reg_3595           |  26|   0|   26|          0|
    |y_V_88_reg_3698           |  26|   0|   26|          0|
    |y_V_93_reg_3602           |  26|   0|   26|          0|
    |y_V_99_reg_3705           |  26|   0|   26|          0|
    |zext_ln1345_11_reg_3755   |  13|   0|   26|         13|
    |zext_ln1345_14_reg_3772   |  13|   0|   26|         13|
    |zext_ln1345_7_reg_3430    |  13|   0|   26|         13|
    |zext_ln1345_reg_3423      |  13|   0|   26|         13|
    |H_V_reg_3649              |  64|  32|   13|          0|
    |and_ln51_reg_3791         |  64|  32|    1|          0|
    |icmp_ln870_2_reg_3661     |  64|  32|    1|          0|
    |icmp_ln870_reg_3784       |  64|  32|    1|          0|
    |or_ln51_1_reg_3798        |  64|  32|    1|          0|
    |or_ln51_3_reg_3805        |  64|  32|    1|          0|
    |p1_x_read_reg_3416        |  64|  32|   13|          0|
    |p1_y_read_reg_3409        |  64|  32|   13|          0|
    |p1_z_read_reg_3400        |  64|  32|   13|          0|
    |p2_x_read_reg_3394        |  64|  32|   13|          0|
    |p2_y_read_reg_3388        |  64|  32|   13|          0|
    |p2_z_read_reg_3380        |  64|  32|   13|          0|
    |select_ln26_reg_4022      |  64|  32|   13|          0|
    |select_ln51_11_reg_3967   |  64|  32|   13|          0|
    |select_ln51_3_reg_3984    |  64|  32|   13|          0|
    |select_ln51_6_reg_3962    |  64|  32|   13|          0|
    |y_V_156_reg_3609          |  64|  32|   13|          0|
    |y_V_157_reg_3712          |  64|  32|   13|          0|
    |y_V_158_reg_3909          |  64|  32|   13|          0|
    |y_V_68_reg_3489           |  64|  32|   13|          0|
    |y_V_74_reg_3483           |  64|  32|   13|          0|
    |zext_ln1345_11_reg_3755   |  64|  32|   26|         13|
    |zext_ln1345_14_reg_3772   |  64|  32|   26|         13|
    |zext_ln1345_7_reg_3430    |  64|  32|   26|         13|
    |zext_ln1345_reg_3423      |  64|  32|   26|         13|
    +--------------------------+----+----+-----+-----------+
    |Total                     |3431| 800| 2200|        104|
    +--------------------------+----+----+-----+-----------+



================================================================
== Interface
================================================================
* Summary: 
+-------------+-----+-----+------------+--------------+--------------+
|  RTL Ports  | Dir | Bits|  Protocol  | Source Object|    C Type    |
+-------------+-----+-----+------------+--------------+--------------+
|ap_clk       |   in|    1|  ap_ctrl_hs|          padd|  return value|
|ap_rst       |   in|    1|  ap_ctrl_hs|          padd|  return value|
|ap_return_0  |  out|   13|  ap_ctrl_hs|          padd|  return value|
|ap_return_1  |  out|   13|  ap_ctrl_hs|          padd|  return value|
|ap_return_2  |  out|   13|  ap_ctrl_hs|          padd|  return value|
|ap_ce        |   in|    1|  ap_ctrl_hs|          padd|  return value|
|p1_x         |   in|   13|     ap_none|          p1_x|        scalar|
|p1_y         |   in|   13|     ap_none|          p1_y|        scalar|
|p1_z         |   in|   13|     ap_none|          p1_z|        scalar|
|p2_x         |   in|   13|     ap_none|          p2_x|        scalar|
|p2_y         |   in|   13|     ap_none|          p2_y|        scalar|
|p2_z         |   in|   13|     ap_none|          p2_z|        scalar|
+-------------+-----+-----+------------+--------------+--------------+

