

================================================================
== Vitis HLS Report for 'pdouble'
================================================================
* Date:           Sun Aug  7 04:21:31 2022

* Version:        2020.2 (Build 3064766 on Wed Nov 18 09:12:47 MST 2020)
* Project:        hls_msm_32w_13bit
* Solution:       solution1 (Vivado IP Flow Target)
* Product family: virtexuplus
* Target device:  xcvu9p-flga2104-2-i


================================================================
== Performance Estimates
================================================================
+ Timing: 
    * Summary: 
    +--------+---------+----------+------------+
    |  Clock |  Target | Estimated| Uncertainty|
    +--------+---------+----------+------------+
    |ap_clk  |  4.00 ns|  2.814 ns|     1.08 ns|
    +--------+---------+----------+------------+

+ Latency: 
    * Summary: 
    +---------+---------+-----------+-----------+-----+-----+---------+
    |  Latency (cycles) |   Latency (absolute)  |  Interval | Pipeline|
    |   min   |   max   |    min    |    max    | min | max |   Type  |
    +---------+---------+-----------+-----------+-----+-----+---------+
    |       22|       22|  88.000 ns|  88.000 ns|    1|    1|      yes|
    +---------+---------+-----------+-----------+-----+-----+---------+

    + Detail: 
        * Instance: 
        N/A

        * Loop: 
        N/A



================================================================
== Utilization Estimates
================================================================
* Summary: 
+---------------------+---------+------+---------+---------+-----+
|         Name        | BRAM_18K|  DSP |    FF   |   LUT   | URAM|
+---------------------+---------+------+---------+---------+-----+
|DSP                  |        -|     7|        -|        -|    -|
|Expression           |        -|     -|        0|     2877|    -|
|FIFO                 |        -|     -|        -|        -|    -|
|Instance             |        -|     -|        -|        -|    -|
|Memory               |        -|     -|        -|        -|    -|
|Multiplexer          |        -|     -|        -|        -|    -|
|Register             |        -|     -|     1217|      192|    -|
+---------------------+---------+------+---------+---------+-----+
|Total                |        0|     7|     1217|     3069|    0|
+---------------------+---------+------+---------+---------+-----+
|Available SLR        |     1440|  2280|   788160|   394080|  320|
+---------------------+---------+------+---------+---------+-----+
|Utilization SLR (%)  |        0|    ~0|       ~0|       ~0|    0|
+---------------------+---------+------+---------+---------+-----+
|Available            |     4320|  6840|  2364480|  1182240|  960|
+---------------------+---------+------+---------+---------+-----+
|Utilization (%)      |        0|    ~0|       ~0|       ~0|    0|
+---------------------+---------+------+---------+---------+-----+

+ Detail: 
    * Instance: 
    N/A

    * DSP: 
    +------------------------------+--------------------------+-----------+
    |           Instance           |          Module          | Expression|
    +------------------------------+--------------------------+-----------+
    |mul_mul_13ns_13ns_26_4_1_U47  |mul_mul_13ns_13ns_26_4_1  |    i0 * i0|
    |mul_mul_13ns_13ns_26_4_1_U48  |mul_mul_13ns_13ns_26_4_1  |    i0 * i1|
    |mul_mul_13ns_13ns_26_4_1_U49  |mul_mul_13ns_13ns_26_4_1  |    i0 * i0|
    |mul_mul_13ns_13ns_26_4_1_U50  |mul_mul_13ns_13ns_26_4_1  |    i0 * i0|
    |mul_mul_13ns_13ns_26_4_1_U51  |mul_mul_13ns_13ns_26_4_1  |    i0 * i0|
    |mul_mul_13ns_13ns_26_4_1_U52  |mul_mul_13ns_13ns_26_4_1  |    i0 * i0|
    |mul_mul_13ns_13ns_26_4_1_U53  |mul_mul_13ns_13ns_26_4_1  |    i0 * i1|
    +------------------------------+--------------------------+-----------+

    * Memory: 
    N/A

    * FIFO: 
    N/A

    * Expression: 
    +----------------------------+----------+----+---+----+------------+------------+
    |        Variable Name       | Operation| DSP| FF| LUT| Bitwidth P0| Bitwidth P1|
    +----------------------------+----------+----+---+----+------------+------------+
    |add_ln208_10_fu_1338_p2     |         +|   0|  0|  17|          10|          10|
    |add_ln208_12_fu_175_p2      |         +|   0|  0|  17|          10|          10|
    |add_ln208_2_fu_116_p2       |         +|   0|  0|  17|          10|          10|
    |add_ln208_4_fu_704_p2       |         +|   0|  0|  17|          10|          10|
    |add_ln208_6_fu_763_p2       |         +|   0|  0|  17|          10|          10|
    |add_ln208_8_fu_1020_p2      |         +|   0|  0|  17|          10|          10|
    |add_ln208_fu_350_p2         |         +|   0|  0|  17|          10|          10|
    |add_ln213_10_fu_867_p2      |         +|   0|  0|  17|          26|          26|
    |add_ln213_15_fu_644_p2      |         +|   0|  0|  17|          13|          13|
    |add_ln213_16_fu_1101_p2     |         +|   0|  0|  17|          26|          26|
    |add_ln213_21_fu_1416_p2     |         +|   0|  0|  17|          26|          26|
    |add_ln213_24_fu_279_p2      |         +|   0|  0|  17|          26|          26|
    |add_ln213_3_fu_221_p2       |         +|   0|  0|  17|          26|          26|
    |add_ln213_6_fu_809_p2       |         +|   0|  0|  17|          26|          26|
    |add_ln213_9_fu_528_p2       |         +|   0|  0|  17|          13|          13|
    |add_ln213_fu_478_p2         |         +|   0|  0|  17|          26|          26|
    |add_ln26_1_fu_397_p2        |         +|   0|  0|  20|          13|           9|
    |add_ln26_2_fu_926_p2        |         +|   0|  0|  20|          13|           9|
    |add_ln26_3_fu_967_p2        |         +|   0|  0|  20|          13|           9|
    |add_ln26_4_fu_1203_p2       |         +|   0|  0|  20|          13|           9|
    |add_ln26_5_fu_1541_p2       |         +|   0|  0|  20|          13|           9|
    |add_ln26_6_fu_438_p2        |         +|   0|  0|  20|          13|           9|
    |add_ln26_fu_573_p2          |         +|   0|  0|  20|          13|           9|
    |b_V_fu_1571_p2              |         +|   0|  0|  17|          13|          13|
    |ret_3_fu_516_p2             |         +|   0|  0|  21|          14|          14|
    |ret_7_fu_632_p2             |         +|   0|  0|  21|          14|          14|
    |t_V_1_fu_714_p2             |         +|   0|  0|  21|          14|          14|
    |t_V_2_fu_773_p2             |         +|   0|  0|  21|          14|          14|
    |t_V_3_fu_1030_p2            |         +|   0|  0|  21|          14|          14|
    |t_V_4_fu_1348_p2            |         +|   0|  0|  21|          14|          14|
    |t_V_5_fu_185_p2             |         +|   0|  0|  21|          14|          14|
    |t_V_fu_126_p2               |         +|   0|  0|  21|          14|          14|
    |t_fu_360_p2                 |         +|   0|  0|  21|          14|          14|
    |x_V_2_fu_1056_p2            |         +|   0|  0|  17|          13|          13|
    |y_V_12_fu_827_p2            |         +|   0|  0|  33|          26|          14|
    |y_V_14_fu_904_p2            |         +|   0|  0|  33|          26|          14|
    |y_V_19_fu_885_p2            |         +|   0|  0|  33|          26|          14|
    |y_V_1_fu_496_p2             |         +|   0|  0|  33|          26|          14|
    |y_V_21_fu_945_p2            |         +|   0|  0|  33|          26|          14|
    |y_V_28_fu_1119_p2           |         +|   0|  0|  33|          26|          14|
    |y_V_30_fu_1181_p2           |         +|   0|  0|  33|          26|          14|
    |y_V_37_fu_1289_p2           |         +|   0|  0|  17|          13|          13|
    |y_V_39_fu_1434_p2           |         +|   0|  0|  33|          26|          14|
    |y_V_3_fu_551_p2             |         +|   0|  0|  33|          26|          14|
    |y_V_41_fu_1519_p2           |         +|   0|  0|  33|          26|          14|
    |y_V_44_fu_297_p2            |         +|   0|  0|  33|          26|          14|
    |y_V_46_fu_416_p2            |         +|   0|  0|  33|          26|          14|
    |y_V_53_fu_1137_p2           |         +|   0|  0|  17|          13|          13|
    |y_V_56_fu_1267_p2           |         +|   0|  0|  17|          13|          13|
    |y_V_6_fu_239_p2             |         +|   0|  0|  33|          26|          14|
    |y_V_8_fu_375_p2             |         +|   0|  0|  33|          26|          14|
    |c_V_fu_1603_p2              |         -|   0|  0|  20|          13|          13|
    |sub_ln213_11_fu_1133_p2     |         -|   0|  0|  17|          13|          13|
    |sub_ln213_15_fu_1096_p2     |         -|   0|  0|  33|          26|          26|
    |sub_ln213_18_fu_1285_p2     |         -|   0|  0|  17|          13|          13|
    |sub_ln213_1_fu_473_p2       |         -|   0|  0|  33|          26|          26|
    |sub_ln213_22_fu_1411_p2     |         -|   0|  0|  33|          26|          26|
    |sub_ln213_24_fu_274_p2      |         -|   0|  0|  33|          26|          26|
    |sub_ln213_26_fu_1567_p2     |         -|   0|  0|  17|          13|          13|
    |sub_ln213_3_fu_216_p2       |         -|   0|  0|  33|          26|          26|
    |sub_ln213_5_fu_1262_p2      |         -|   0|  0|  17|          13|          13|
    |sub_ln213_6_fu_804_p2       |         -|   0|  0|  33|          26|          26|
    |sub_ln213_9_fu_862_p2       |         -|   0|  0|  33|          26|          26|
    |sub_ln213_fu_1052_p2        |         -|   0|  0|  17|          13|          13|
    |x_V_5_fu_622_p2             |         -|   0|  0|  20|          13|          13|
    |y_V_11_fu_815_p2            |         -|   0|  0|  17|          26|          26|
    |y_V_18_fu_873_p2            |         -|   0|  0|  17|          26|          26|
    |y_V_27_fu_1107_p2           |         -|   0|  0|  17|          26|          26|
    |y_V_33_fu_1243_p2           |         -|   0|  0|  20|          13|          13|
    |y_V_38_fu_1422_p2           |         -|   0|  0|  17|          26|          26|
    |y_V_43_fu_285_p2            |         -|   0|  0|  17|          26|          26|
    |y_V_48_fu_1508_p2           |         -|   0|  0|  20|          13|          13|
    |y_V_50_fu_540_p2            |         -|   0|  0|  17|          13|          13|
    |y_V_54_fu_655_p2            |         -|   0|  0|  17|          13|          13|
    |y_V_55_fu_1170_p2           |         -|   0|  0|  20|          13|          13|
    |y_V_57_fu_1384_p2           |         -|   0|  0|  20|          13|          13|
    |y_V_58_fu_1474_p2           |         -|   0|  0|  20|          13|          13|
    |y_V_5_fu_227_p2             |         -|   0|  0|  17|          26|          26|
    |y_V_fu_484_p2               |         -|   0|  0|  17|          26|          26|
    |icmp_ln878_1_fu_1150_p2     |      icmp|   0|  0|  12|          14|          13|
    |icmp_ln878_2_fu_603_p2      |      icmp|   0|  0|  12|          14|          13|
    |icmp_ln878_3_fu_638_p2      |      icmp|   0|  0|  12|          14|          13|
    |icmp_ln878_4_fu_1225_p2     |      icmp|   0|  0|  12|          14|          13|
    |icmp_ln878_5_fu_1365_p2     |      icmp|   0|  0|  12|          14|          13|
    |icmp_ln878_6_fu_1455_p2     |      icmp|   0|  0|  12|          14|          13|
    |icmp_ln878_7_fu_1488_p2     |      icmp|   0|  0|  12|          14|          13|
    |icmp_ln878_8_fu_1584_p2     |      icmp|   0|  0|  12|          14|          13|
    |icmp_ln878_fu_522_p2        |      icmp|   0|  0|  12|          14|          13|
    |icmp_ln882_10_fu_940_p2     |      icmp|   0|  0|  17|          26|          13|
    |icmp_ln882_11_fu_957_p2     |      icmp|   0|  0|  17|          26|          13|
    |icmp_ln882_12_fu_1113_p2    |      icmp|   0|  0|  17|          26|          13|
    |icmp_ln882_13_fu_1176_p2    |      icmp|   0|  0|  17|          26|          13|
    |icmp_ln882_14_fu_1193_p2    |      icmp|   0|  0|  17|          26|          13|
    |icmp_ln882_15_fu_1428_p2    |      icmp|   0|  0|  17|          26|          13|
    |icmp_ln882_16_fu_1514_p2    |      icmp|   0|  0|  17|          26|          13|
    |icmp_ln882_17_fu_1531_p2    |      icmp|   0|  0|  17|          26|          13|
    |icmp_ln882_18_fu_291_p2     |      icmp|   0|  0|  17|          26|          13|
    |icmp_ln882_19_fu_411_p2     |      icmp|   0|  0|  17|          26|          13|
    |icmp_ln882_1_fu_546_p2      |      icmp|   0|  0|  17|          26|          13|
    |icmp_ln882_20_fu_428_p2     |      icmp|   0|  0|  17|          26|          13|
    |icmp_ln882_2_fu_563_p2      |      icmp|   0|  0|  17|          26|          13|
    |icmp_ln882_3_fu_233_p2      |      icmp|   0|  0|  17|          26|          13|
    |icmp_ln882_4_fu_370_p2      |      icmp|   0|  0|  17|          26|          13|
    |icmp_ln882_5_fu_387_p2      |      icmp|   0|  0|  17|          26|          13|
    |icmp_ln882_6_fu_821_p2      |      icmp|   0|  0|  17|          26|          13|
    |icmp_ln882_7_fu_899_p2      |      icmp|   0|  0|  17|          26|          13|
    |icmp_ln882_8_fu_916_p2      |      icmp|   0|  0|  17|          26|          13|
    |icmp_ln882_9_fu_879_p2      |      icmp|   0|  0|  17|          26|          13|
    |icmp_ln882_fu_490_p2        |      icmp|   0|  0|  17|          26|          13|
    |icmp_ln886_1_fu_1062_p2     |      icmp|   0|  0|  12|          13|          13|
    |icmp_ln886_2_fu_1249_p2     |      icmp|   0|  0|  12|          13|          13|
    |icmp_ln886_3_fu_1273_p2     |      icmp|   0|  0|  12|          13|          13|
    |icmp_ln886_4_fu_1555_p2     |      icmp|   0|  0|  12|          13|          13|
    |icmp_ln886_fu_1040_p2       |      icmp|   0|  0|  12|          13|          13|
    |select_ln213_10_fu_1466_p3  |    select|   0|  0|  10|           1|           1|
    |select_ln213_11_fu_1500_p3  |    select|   0|  0|  10|           1|           1|
    |select_ln213_12_fu_1559_p3  |    select|   0|  0|  10|           1|           1|
    |select_ln213_13_fu_1595_p3  |    select|   0|  0|  10|           1|           1|
    |select_ln213_1_fu_1044_p3   |    select|   0|  0|  10|           1|           1|
    |select_ln213_2_fu_1067_p3   |    select|   0|  0|  10|           1|           1|
    |select_ln213_3_fu_1162_p3   |    select|   0|  0|  10|           1|           1|
    |select_ln213_4_fu_614_p3    |    select|   0|  0|  10|           1|           1|
    |select_ln213_5_fu_648_p3    |    select|   0|  0|  10|           1|           1|
    |select_ln213_6_fu_1236_p3   |    select|   0|  0|  10|           1|           1|
    |select_ln213_7_fu_1254_p3   |    select|   0|  0|  10|           1|           1|
    |select_ln213_8_fu_1277_p3   |    select|   0|  0|  10|           1|           1|
    |select_ln213_9_fu_1376_p3   |    select|   0|  0|  10|           1|           1|
    |select_ln213_fu_532_p3      |    select|   0|  0|  10|           1|           1|
    |select_ln26_fu_444_p3       |    select|   0|  0|  13|           1|          13|
    |x_V_12_fu_1547_p3           |    select|   0|  0|  13|           1|          13|
    |x_V_1_fu_973_p3             |    select|   0|  0|  13|           1|          13|
    |x_V_8_fu_1209_p3            |    select|   0|  0|  13|           1|          13|
    |y_V_13_fu_833_p3            |    select|   0|  0|  26|           1|          26|
    |y_V_15_fu_909_p3            |    select|   0|  0|  26|           1|          26|
    |y_V_20_fu_891_p3            |    select|   0|  0|  26|           1|          26|
    |y_V_22_fu_950_p3            |    select|   0|  0|  26|           1|          26|
    |y_V_29_fu_1125_p3           |    select|   0|  0|  26|           1|          26|
    |y_V_2_fu_502_p3             |    select|   0|  0|  26|           1|          26|
    |y_V_31_fu_1186_p3           |    select|   0|  0|  26|           1|          26|
    |y_V_40_fu_1440_p3           |    select|   0|  0|  26|           1|          26|
    |y_V_42_fu_1524_p3           |    select|   0|  0|  26|           1|          26|
    |y_V_45_fu_303_p3            |    select|   0|  0|  26|           1|          26|
    |y_V_47_fu_421_p3            |    select|   0|  0|  26|           1|          26|
    |y_V_49_fu_403_p3            |    select|   0|  0|  13|           1|          13|
    |y_V_4_fu_556_p3             |    select|   0|  0|  26|           1|          26|
    |y_V_51_fu_579_p3            |    select|   0|  0|  13|           1|          13|
    |y_V_52_fu_932_p3            |    select|   0|  0|  13|           1|          13|
    |y_V_7_fu_245_p3             |    select|   0|  0|  26|           1|          26|
    |y_V_9_fu_380_p3             |    select|   0|  0|  26|           1|          26|
    +----------------------------+----------+----+---+----+------------+------------+
    |Total                       |          |   0|  0|2877|        2242|        2198|
    +----------------------------+----------+----+---+----+------------+------------+

    * Multiplexer: 
    N/A

    * Register: 
    +--------------------------------+----+----+-----+-----------+
    |              Name              | FF | LUT| Bits| Const Bits|
    +--------------------------------+----+----+-----+-----------+
    |icmp_ln878_3_reg_1827           |   1|   0|    1|          0|
    |icmp_ln878_4_reg_1945           |   1|   0|    1|          0|
    |p_x_int_reg                     |  13|   0|   13|          0|
    |p_x_read_reg_1688               |  13|   0|   13|          0|
    |p_y_int_reg                     |  13|   0|   13|          0|
    |p_z_int_reg                     |  13|   0|   13|          0|
    |ret_13_reg_1962                 |  26|   0|   26|          0|
    |ret_14_reg_1729                 |  26|   0|   26|          0|
    |ret_1_reg_1713                  |  26|   0|   26|          0|
    |ret_2_reg_1839                  |  26|   0|   26|          0|
    |ret_4_reg_1855                  |  26|   0|   26|          0|
    |ret_8_reg_1899                  |  26|   0|   26|          0|
    |ret_reg_1759                    |  26|   0|   26|          0|
    |select_ln213_2_reg_1920         |   5|   0|   13|          8|
    |select_ln26_reg_1782            |  13|   0|   13|          0|
    |t_V_1_reg_1844                  |  14|   0|   14|          0|
    |t_V_2_reg_1860                  |  14|   0|   14|          0|
    |t_V_3_reg_1904                  |  14|   0|   14|          0|
    |t_V_4_reg_1967                  |  14|   0|   14|          0|
    |t_V_5_reg_1734                  |  14|   0|   14|          0|
    |t_V_reg_1718                    |  14|   0|   14|          0|
    |t_reg_1764                      |  14|   0|   14|          0|
    |trunc_ln1497_20_reg_1724        |  13|   0|   13|          0|
    |trunc_ln1497_21_reg_1850        |  13|   0|   13|          0|
    |trunc_ln1497_22_reg_1866        |  13|   0|   13|          0|
    |trunc_ln1497_23_reg_1910        |  13|   0|   13|          0|
    |trunc_ln1497_24_reg_1973        |  13|   0|   13|          0|
    |trunc_ln1497_25_reg_1740        |  13|   0|   13|          0|
    |trunc_ln1497_reg_1770           |  13|   0|   13|          0|
    |x_V_12_reg_1997                 |  13|   0|   13|          0|
    |x_V_1_reg_1893                  |  13|   0|   13|          0|
    |x_V_2_reg_1915                  |  13|   0|   13|          0|
    |x_V_5_reg_1822                  |  13|   0|   13|          0|
    |x_V_8_reg_1939                  |  13|   0|   13|          0|
    |y_V_13_reg_1871                 |  26|   0|   26|          0|
    |y_V_20_reg_1878                 |  26|   0|   26|          0|
    |y_V_29_reg_1925                 |  26|   0|   26|          0|
    |y_V_2_reg_1788                  |  26|   0|   26|          0|
    |y_V_40_reg_1984                 |  26|   0|   26|          0|
    |y_V_45_reg_1752                 |  26|   0|   26|          0|
    |y_V_48_reg_1991                 |  13|   0|   13|          0|
    |y_V_49_reg_1775                 |  13|   0|   13|          0|
    |y_V_49_reg_1775_pp0_iter6_reg   |  13|   0|   13|          0|
    |y_V_50_reg_1795                 |  13|   0|   13|          0|
    |y_V_51_reg_1800                 |  13|   0|   13|          0|
    |y_V_52_reg_1885                 |  13|   0|   13|          0|
    |y_V_55_reg_1932                 |  13|   0|   13|          0|
    |y_V_55_reg_1932_pp0_iter15_reg  |  13|   0|   13|          0|
    |y_V_56_reg_1950                 |  13|   0|   13|          0|
    |y_V_57_reg_1978                 |  13|   0|   13|          0|
    |y_V_7_reg_1745                  |  26|   0|   26|          0|
    |zext_ln1345_4_reg_1832          |  13|   0|   26|         13|
    |p_x_read_reg_1688               |  64|  32|   13|          0|
    |select_ln26_reg_1782            |  64|  32|   13|          0|
    |y_V_51_reg_1800                 |  64|  32|   13|          0|
    |y_V_52_reg_1885                 |  64|  32|   13|          0|
    |y_V_56_reg_1950                 |  64|  32|   13|          0|
    |zext_ln1345_4_reg_1832          |  64|  32|   26|         13|
    +--------------------------------+----+----+-----+-----------+
    |Total                           |1217| 192|  945|         34|
    +--------------------------------+----+----+-----+-----------+



================================================================
== Interface
================================================================
* Summary: 
+-------------+-----+-----+------------+--------------+--------------+
|  RTL Ports  | Dir | Bits|  Protocol  | Source Object|    C Type    |
+-------------+-----+-----+------------+--------------+--------------+
|ap_clk       |   in|    1|  ap_ctrl_hs|       pdouble|  return value|
|ap_rst       |   in|    1|  ap_ctrl_hs|       pdouble|  return value|
|ap_return_0  |  out|   13|  ap_ctrl_hs|       pdouble|  return value|
|ap_return_1  |  out|   13|  ap_ctrl_hs|       pdouble|  return value|
|ap_return_2  |  out|   13|  ap_ctrl_hs|       pdouble|  return value|
|ap_ce        |   in|    1|  ap_ctrl_hs|       pdouble|  return value|
|p_x          |   in|   13|     ap_none|           p_x|        scalar|
|p_y          |   in|   13|     ap_none|           p_y|        scalar|
|p_z          |   in|   13|     ap_none|           p_z|        scalar|
+-------------+-----+-----+------------+--------------+--------------+

