

================================================================
== Vitis HLS Report for 'point_add_unit'
================================================================
* Date:           Sat Aug  6 04:46:49 2022

* Version:        2020.2 (Build 3064766 on Wed Nov 18 09:12:47 MST 2020)
* Project:        hls_msm_32w_13bit
* Solution:       solution1 (Vivado IP Flow Target)
* Product family: virtexuplus
* Target device:  xcvu9p-flga2104-2-i


================================================================
== Performance Estimates
================================================================
+ Timing: 
    * Summary: 
    +--------+---------+----------+------------+
    |  Clock |  Target | Estimated| Uncertainty|
    +--------+---------+----------+------------+
    |ap_clk  |  4.00 ns|  1.815 ns|     1.08 ns|
    +--------+---------+----------+------------+

+ Latency: 
    * Summary: 
    +---------+---------+----------+----------+-----+-----+----------+
    |  Latency (cycles) |  Latency (absolute) |  Interval | Pipeline |
    |   min   |   max   |    min   |    max   | min | max |   Type   |
    +---------+---------+----------+----------+-----+-----+----------+
    |      123|      123|  0.492 us|  0.492 us|  123|  123|  yes(flp)|
    +---------+---------+----------+----------+-----+-----+----------+

    + Detail: 
        * Instance: 
        N/A

        * Loop: 
        N/A



================================================================
== Utilization Estimates
================================================================
* Summary: 
+---------------------+---------+------+---------+---------+-----+
|         Name        | BRAM_18K|  DSP |    FF   |   LUT   | URAM|
+---------------------+---------+------+---------+---------+-----+
|DSP                  |        -|     -|        -|        -|    -|
|Expression           |        -|     -|        0|     2504|    -|
|FIFO                 |        -|     -|        -|        -|    -|
|Instance             |        -|     -|        -|        -|    -|
|Memory               |        -|     -|        -|        -|    -|
|Multiplexer          |        -|     -|        -|     1329|    -|
|Register             |        -|     -|     1755|        -|    -|
+---------------------+---------+------+---------+---------+-----+
|Total                |        0|     0|     1755|     3833|    0|
+---------------------+---------+------+---------+---------+-----+
|Available SLR        |     1440|  2280|   788160|   394080|  320|
+---------------------+---------+------+---------+---------+-----+
|Utilization SLR (%)  |        0|     0|       ~0|       ~0|    0|
+---------------------+---------+------+---------+---------+-----+
|Available            |     4320|  6840|  2364480|  1182240|  960|
+---------------------+---------+------+---------+---------+-----+
|Utilization (%)      |        0|     0|       ~0|       ~0|    0|
+---------------------+---------+------+---------+---------+-----+

+ Detail: 
    * Instance: 
    N/A

    * DSP: 
    N/A

    * Memory: 
    N/A

    * FIFO: 
    N/A

    * Expression: 
    +-------------------------------------+----------+----+---+----+------------+------------+
    |            Variable Name            | Operation| DSP| FF| LUT| Bitwidth P0| Bitwidth P1|
    +-------------------------------------+----------+----+---+----+------------+------------+
    |add_ln208_101_fu_879_p2              |         +|   0|  0|  20|          13|          13|
    |add_ln208_104_fu_901_p2              |         +|   0|  0|  20|          13|          13|
    |add_ln208_107_fu_923_p2              |         +|   0|  0|  20|          13|          13|
    |add_ln208_110_fu_945_p2              |         +|   0|  0|  20|          13|          13|
    |add_ln208_113_fu_967_p2              |         +|   0|  0|  20|          13|          13|
    |add_ln208_116_fu_989_p2              |         +|   0|  0|  20|          13|          13|
    |add_ln208_119_fu_1011_p2             |         +|   0|  0|  20|          13|          13|
    |add_ln208_11_fu_219_p2               |         +|   0|  0|  20|          13|          13|
    |add_ln208_122_fu_1033_p2             |         +|   0|  0|  20|          13|          13|
    |add_ln208_125_fu_1055_p2             |         +|   0|  0|  20|          13|          13|
    |add_ln208_128_fu_1077_p2             |         +|   0|  0|  20|          13|          13|
    |add_ln208_131_fu_1099_p2             |         +|   0|  0|  20|          13|          13|
    |add_ln208_134_fu_1121_p2             |         +|   0|  0|  20|          13|          13|
    |add_ln208_137_fu_1143_p2             |         +|   0|  0|  20|          13|          13|
    |add_ln208_140_fu_1165_p2             |         +|   0|  0|  20|          13|          13|
    |add_ln208_143_fu_1187_p2             |         +|   0|  0|  20|          13|          13|
    |add_ln208_146_fu_1209_p2             |         +|   0|  0|  20|          13|          13|
    |add_ln208_149_fu_1231_p2             |         +|   0|  0|  20|          13|          13|
    |add_ln208_14_fu_241_p2               |         +|   0|  0|  20|          13|          13|
    |add_ln208_152_fu_1253_p2             |         +|   0|  0|  20|          13|          13|
    |add_ln208_155_fu_1275_p2             |         +|   0|  0|  20|          13|          13|
    |add_ln208_158_fu_1297_p2             |         +|   0|  0|  20|          13|          13|
    |add_ln208_161_fu_1319_p2             |         +|   0|  0|  20|          13|          13|
    |add_ln208_164_fu_1341_p2             |         +|   0|  0|  20|          13|          13|
    |add_ln208_167_fu_1363_p2             |         +|   0|  0|  20|          13|          13|
    |add_ln208_170_fu_1385_p2             |         +|   0|  0|  20|          13|          13|
    |add_ln208_173_fu_1407_p2             |         +|   0|  0|  20|          13|          13|
    |add_ln208_176_fu_1429_p2             |         +|   0|  0|  20|          13|          13|
    |add_ln208_179_fu_1451_p2             |         +|   0|  0|  20|          13|          13|
    |add_ln208_17_fu_263_p2               |         +|   0|  0|  20|          13|          13|
    |add_ln208_182_fu_1473_p2             |         +|   0|  0|  20|          13|          13|
    |add_ln208_185_fu_1495_p2             |         +|   0|  0|  20|          13|          13|
    |add_ln208_188_fu_1517_p2             |         +|   0|  0|  20|          13|          13|
    |add_ln208_191_fu_1539_p2             |         +|   0|  0|  20|          13|          13|
    |add_ln208_194_fu_1561_p2             |         +|   0|  0|  20|          13|          13|
    |add_ln208_197_fu_1583_p2             |         +|   0|  0|  20|          13|          13|
    |add_ln208_200_fu_1605_p2             |         +|   0|  0|  20|          13|          13|
    |add_ln208_203_fu_1627_p2             |         +|   0|  0|  20|          13|          13|
    |add_ln208_206_fu_1649_p2             |         +|   0|  0|  20|          13|          13|
    |add_ln208_209_fu_1671_p2             |         +|   0|  0|  20|          13|          13|
    |add_ln208_20_fu_285_p2               |         +|   0|  0|  20|          13|          13|
    |add_ln208_212_fu_1693_p2             |         +|   0|  0|  20|          13|          13|
    |add_ln208_215_fu_1715_p2             |         +|   0|  0|  20|          13|          13|
    |add_ln208_218_fu_1737_p2             |         +|   0|  0|  20|          13|          13|
    |add_ln208_221_fu_1759_p2             |         +|   0|  0|  20|          13|          13|
    |add_ln208_224_fu_1781_p2             |         +|   0|  0|  20|          13|          13|
    |add_ln208_227_fu_1803_p2             |         +|   0|  0|  20|          13|          13|
    |add_ln208_230_fu_1825_p2             |         +|   0|  0|  20|          13|          13|
    |add_ln208_233_fu_1847_p2             |         +|   0|  0|  20|          13|          13|
    |add_ln208_236_fu_1869_p2             |         +|   0|  0|  20|          13|          13|
    |add_ln208_239_fu_1891_p2             |         +|   0|  0|  20|          13|          13|
    |add_ln208_23_fu_307_p2               |         +|   0|  0|  20|          13|          13|
    |add_ln208_242_fu_1913_p2             |         +|   0|  0|  20|          13|          13|
    |add_ln208_245_fu_1935_p2             |         +|   0|  0|  20|          13|          13|
    |add_ln208_248_fu_1957_p2             |         +|   0|  0|  20|          13|          13|
    |add_ln208_251_fu_1979_p2             |         +|   0|  0|  20|          13|          13|
    |add_ln208_254_fu_2001_p2             |         +|   0|  0|  20|          13|          13|
    |add_ln208_257_fu_2023_p2             |         +|   0|  0|  20|          13|          13|
    |add_ln208_260_fu_2045_p2             |         +|   0|  0|  20|          13|          13|
    |add_ln208_263_fu_2067_p2             |         +|   0|  0|  20|          13|          13|
    |add_ln208_266_fu_2089_p2             |         +|   0|  0|  20|          13|          13|
    |add_ln208_269_fu_2111_p2             |         +|   0|  0|  20|          13|          13|
    |add_ln208_26_fu_329_p2               |         +|   0|  0|  20|          13|          13|
    |add_ln208_272_fu_2133_p2             |         +|   0|  0|  20|          13|          13|
    |add_ln208_275_fu_2155_p2             |         +|   0|  0|  20|          13|          13|
    |add_ln208_278_fu_2177_p2             |         +|   0|  0|  20|          13|          13|
    |add_ln208_281_fu_2199_p2             |         +|   0|  0|  20|          13|          13|
    |add_ln208_284_fu_2221_p2             |         +|   0|  0|  20|          13|          13|
    |add_ln208_287_fu_2243_p2             |         +|   0|  0|  20|          13|          13|
    |add_ln208_290_fu_2265_p2             |         +|   0|  0|  20|          13|          13|
    |add_ln208_293_fu_2287_p2             |         +|   0|  0|  20|          13|          13|
    |add_ln208_296_fu_2309_p2             |         +|   0|  0|  20|          13|          13|
    |add_ln208_299_fu_2331_p2             |         +|   0|  0|  20|          13|          13|
    |add_ln208_29_fu_351_p2               |         +|   0|  0|  20|          13|          13|
    |add_ln208_2_fu_153_p2                |         +|   0|  0|  20|          13|          13|
    |add_ln208_302_fu_2353_p2             |         +|   0|  0|  20|          13|          13|
    |add_ln208_305_fu_2375_p2             |         +|   0|  0|  20|          13|          13|
    |add_ln208_308_fu_2397_p2             |         +|   0|  0|  20|          13|          13|
    |add_ln208_311_fu_2419_p2             |         +|   0|  0|  20|          13|          13|
    |add_ln208_314_fu_2441_p2             |         +|   0|  0|  20|          13|          13|
    |add_ln208_317_fu_2463_p2             |         +|   0|  0|  20|          13|          13|
    |add_ln208_320_fu_2485_p2             |         +|   0|  0|  20|          13|          13|
    |add_ln208_323_fu_2507_p2             |         +|   0|  0|  20|          13|          13|
    |add_ln208_326_fu_2529_p2             |         +|   0|  0|  20|          13|          13|
    |add_ln208_329_fu_2551_p2             |         +|   0|  0|  20|          13|          13|
    |add_ln208_32_fu_373_p2               |         +|   0|  0|  20|          13|          13|
    |add_ln208_332_fu_2573_p2             |         +|   0|  0|  20|          13|          13|
    |add_ln208_335_fu_2595_p2             |         +|   0|  0|  20|          13|          13|
    |add_ln208_338_fu_2617_p2             |         +|   0|  0|  20|          13|          13|
    |add_ln208_341_fu_2639_p2             |         +|   0|  0|  20|          13|          13|
    |add_ln208_344_fu_2661_p2             |         +|   0|  0|  20|          13|          13|
    |add_ln208_347_fu_2683_p2             |         +|   0|  0|  20|          13|          13|
    |add_ln208_350_fu_2705_p2             |         +|   0|  0|  20|          13|          13|
    |add_ln208_353_fu_2727_p2             |         +|   0|  0|  20|          13|          13|
    |add_ln208_356_fu_2749_p2             |         +|   0|  0|  20|          13|          13|
    |add_ln208_359_fu_2771_p2             |         +|   0|  0|  20|          13|          13|
    |add_ln208_35_fu_395_p2               |         +|   0|  0|  20|          13|          13|
    |add_ln208_362_fu_2793_p2             |         +|   0|  0|  20|          13|          13|
    |add_ln208_365_fu_2815_p2             |         +|   0|  0|  20|          13|          13|
    |add_ln208_368_fu_2837_p2             |         +|   0|  0|  20|          13|          13|
    |add_ln208_38_fu_417_p2               |         +|   0|  0|  20|          13|          13|
    |add_ln208_41_fu_439_p2               |         +|   0|  0|  20|          13|          13|
    |add_ln208_44_fu_461_p2               |         +|   0|  0|  20|          13|          13|
    |add_ln208_47_fu_483_p2               |         +|   0|  0|  20|          13|          13|
    |add_ln208_50_fu_505_p2               |         +|   0|  0|  20|          13|          13|
    |add_ln208_53_fu_527_p2               |         +|   0|  0|  20|          13|          13|
    |add_ln208_56_fu_549_p2               |         +|   0|  0|  20|          13|          13|
    |add_ln208_59_fu_571_p2               |         +|   0|  0|  20|          13|          13|
    |add_ln208_5_fu_175_p2                |         +|   0|  0|  20|          13|          13|
    |add_ln208_62_fu_593_p2               |         +|   0|  0|  20|          13|          13|
    |add_ln208_65_fu_615_p2               |         +|   0|  0|  20|          13|          13|
    |add_ln208_68_fu_637_p2               |         +|   0|  0|  20|          13|          13|
    |add_ln208_71_fu_659_p2               |         +|   0|  0|  20|          13|          13|
    |add_ln208_74_fu_681_p2               |         +|   0|  0|  20|          13|          13|
    |add_ln208_77_fu_703_p2               |         +|   0|  0|  20|          13|          13|
    |add_ln208_80_fu_725_p2               |         +|   0|  0|  20|          13|          13|
    |add_ln208_83_fu_747_p2               |         +|   0|  0|  20|          13|          13|
    |add_ln208_86_fu_769_p2               |         +|   0|  0|  20|          13|          13|
    |add_ln208_89_fu_791_p2               |         +|   0|  0|  20|          13|          13|
    |add_ln208_8_fu_197_p2                |         +|   0|  0|  20|          13|          13|
    |add_ln208_92_fu_813_p2               |         +|   0|  0|  20|          13|          13|
    |add_ln208_95_fu_835_p2               |         +|   0|  0|  20|          13|          13|
    |add_ln208_98_fu_857_p2               |         +|   0|  0|  20|          13|          13|
    |grp_fu_125_p2                        |         +|   0|  0|  20|          13|          13|
    |grp_fu_131_p2                        |         +|   0|  0|  20|          13|          13|
    |ap_block_state100_pp0_stage99_iter0  |        or|   0|  0|   2|           1|           1|
    |ap_block_state1_pp0_stage0_iter0     |        or|   0|  0|   2|           1|           1|
    +-------------------------------------+----------+----+---+----+------------+------------+
    |Total                                |          |   0|  0|2504|        1627|        1627|
    +-------------------------------------+----------+----+---+----+------------+------------+

    * Multiplexer: 
    +-----------------+-----+-----------+-----+-----------+
    |       Name      | LUT | Input Size| Bits| Total Bits|
    +-----------------+-----+-----------+-----+-----------+
    |BFIFO_2_blk_n    |    9|          2|    1|          2|
    |BFIFO_2_din      |  644|        124|   43|       5332|
    |CFIFO_blk_n      |    9|          2|    1|          2|
    |ap_NS_iter0_fsm  |  644|        124|  123|      15252|
    |ap_NS_iter1_fsm  |   14|          3|    2|          6|
    |ap_done          |    9|          2|    1|          2|
    +-----------------+-----+-----------+-----+-----------+
    |Total            | 1329|        257|  171|      20596|
    +-----------------+-----+-----------+-----+-----------+

    * Register: 
    +------------------------+-----+----+-----+-----------+
    |          Name          |  FF | LUT| Bits| Const Bits|
    +------------------------+-----+----+-----+-----------+
    |add_ln208_101_reg_3020  |   13|   0|   13|          0|
    |add_ln208_104_reg_3025  |   13|   0|   13|          0|
    |add_ln208_107_reg_3030  |   13|   0|   13|          0|
    |add_ln208_110_reg_3035  |   13|   0|   13|          0|
    |add_ln208_113_reg_3040  |   13|   0|   13|          0|
    |add_ln208_116_reg_3045  |   13|   0|   13|          0|
    |add_ln208_119_reg_3050  |   13|   0|   13|          0|
    |add_ln208_11_reg_2870   |   13|   0|   13|          0|
    |add_ln208_122_reg_3055  |   13|   0|   13|          0|
    |add_ln208_125_reg_3060  |   13|   0|   13|          0|
    |add_ln208_128_reg_3065  |   13|   0|   13|          0|
    |add_ln208_131_reg_3070  |   13|   0|   13|          0|
    |add_ln208_134_reg_3075  |   13|   0|   13|          0|
    |add_ln208_137_reg_3080  |   13|   0|   13|          0|
    |add_ln208_140_reg_3085  |   13|   0|   13|          0|
    |add_ln208_143_reg_3090  |   13|   0|   13|          0|
    |add_ln208_146_reg_3095  |   13|   0|   13|          0|
    |add_ln208_149_reg_3100  |   13|   0|   13|          0|
    |add_ln208_14_reg_2875   |   13|   0|   13|          0|
    |add_ln208_152_reg_3105  |   13|   0|   13|          0|
    |add_ln208_155_reg_3110  |   13|   0|   13|          0|
    |add_ln208_158_reg_3115  |   13|   0|   13|          0|
    |add_ln208_161_reg_3120  |   13|   0|   13|          0|
    |add_ln208_164_reg_3125  |   13|   0|   13|          0|
    |add_ln208_167_reg_3130  |   13|   0|   13|          0|
    |add_ln208_170_reg_3135  |   13|   0|   13|          0|
    |add_ln208_173_reg_3140  |   13|   0|   13|          0|
    |add_ln208_176_reg_3145  |   13|   0|   13|          0|
    |add_ln208_179_reg_3150  |   13|   0|   13|          0|
    |add_ln208_17_reg_2880   |   13|   0|   13|          0|
    |add_ln208_182_reg_3155  |   13|   0|   13|          0|
    |add_ln208_185_reg_3160  |   13|   0|   13|          0|
    |add_ln208_188_reg_3165  |   13|   0|   13|          0|
    |add_ln208_191_reg_3170  |   13|   0|   13|          0|
    |add_ln208_194_reg_3175  |   13|   0|   13|          0|
    |add_ln208_197_reg_3180  |   13|   0|   13|          0|
    |add_ln208_200_reg_3185  |   13|   0|   13|          0|
    |add_ln208_203_reg_3190  |   13|   0|   13|          0|
    |add_ln208_206_reg_3195  |   13|   0|   13|          0|
    |add_ln208_209_reg_3200  |   13|   0|   13|          0|
    |add_ln208_20_reg_2885   |   13|   0|   13|          0|
    |add_ln208_212_reg_3205  |   13|   0|   13|          0|
    |add_ln208_215_reg_3210  |   13|   0|   13|          0|
    |add_ln208_218_reg_3215  |   13|   0|   13|          0|
    |add_ln208_221_reg_3220  |   13|   0|   13|          0|
    |add_ln208_224_reg_3225  |   13|   0|   13|          0|
    |add_ln208_227_reg_3230  |   13|   0|   13|          0|
    |add_ln208_230_reg_3235  |   13|   0|   13|          0|
    |add_ln208_233_reg_3240  |   13|   0|   13|          0|
    |add_ln208_236_reg_3245  |   13|   0|   13|          0|
    |add_ln208_239_reg_3250  |   13|   0|   13|          0|
    |add_ln208_23_reg_2890   |   13|   0|   13|          0|
    |add_ln208_242_reg_3255  |   13|   0|   13|          0|
    |add_ln208_245_reg_3260  |   13|   0|   13|          0|
    |add_ln208_248_reg_3265  |   13|   0|   13|          0|
    |add_ln208_251_reg_3270  |   13|   0|   13|          0|
    |add_ln208_254_reg_3275  |   13|   0|   13|          0|
    |add_ln208_257_reg_3280  |   13|   0|   13|          0|
    |add_ln208_260_reg_3285  |   13|   0|   13|          0|
    |add_ln208_263_reg_3290  |   13|   0|   13|          0|
    |add_ln208_266_reg_3295  |   13|   0|   13|          0|
    |add_ln208_269_reg_3300  |   13|   0|   13|          0|
    |add_ln208_26_reg_2895   |   13|   0|   13|          0|
    |add_ln208_272_reg_3305  |   13|   0|   13|          0|
    |add_ln208_275_reg_3310  |   13|   0|   13|          0|
    |add_ln208_278_reg_3315  |   13|   0|   13|          0|
    |add_ln208_281_reg_3320  |   13|   0|   13|          0|
    |add_ln208_284_reg_3325  |   13|   0|   13|          0|
    |add_ln208_287_reg_3330  |   13|   0|   13|          0|
    |add_ln208_290_reg_3335  |   13|   0|   13|          0|
    |add_ln208_293_reg_3340  |   13|   0|   13|          0|
    |add_ln208_296_reg_3345  |   13|   0|   13|          0|
    |add_ln208_299_reg_3350  |   13|   0|   13|          0|
    |add_ln208_29_reg_2900   |   13|   0|   13|          0|
    |add_ln208_2_reg_2855    |   13|   0|   13|          0|
    |add_ln208_302_reg_3355  |   13|   0|   13|          0|
    |add_ln208_305_reg_3360  |   13|   0|   13|          0|
    |add_ln208_308_reg_3365  |   13|   0|   13|          0|
    |add_ln208_311_reg_3370  |   13|   0|   13|          0|
    |add_ln208_314_reg_3375  |   13|   0|   13|          0|
    |add_ln208_317_reg_3380  |   13|   0|   13|          0|
    |add_ln208_320_reg_3385  |   13|   0|   13|          0|
    |add_ln208_323_reg_3390  |   13|   0|   13|          0|
    |add_ln208_326_reg_3395  |   13|   0|   13|          0|
    |add_ln208_329_reg_3400  |   13|   0|   13|          0|
    |add_ln208_32_reg_2905   |   13|   0|   13|          0|
    |add_ln208_332_reg_3405  |   13|   0|   13|          0|
    |add_ln208_335_reg_3410  |   13|   0|   13|          0|
    |add_ln208_338_reg_3415  |   13|   0|   13|          0|
    |add_ln208_341_reg_3420  |   13|   0|   13|          0|
    |add_ln208_344_reg_3425  |   13|   0|   13|          0|
    |add_ln208_347_reg_3430  |   13|   0|   13|          0|
    |add_ln208_350_reg_3435  |   13|   0|   13|          0|
    |add_ln208_353_reg_3440  |   13|   0|   13|          0|
    |add_ln208_356_reg_3445  |   13|   0|   13|          0|
    |add_ln208_359_reg_3450  |   13|   0|   13|          0|
    |add_ln208_35_reg_2910   |   13|   0|   13|          0|
    |add_ln208_362_reg_3455  |   13|   0|   13|          0|
    |add_ln208_365_reg_3460  |   13|   0|   13|          0|
    |add_ln208_368_reg_3465  |   13|   0|   13|          0|
    |add_ln208_38_reg_2915   |   13|   0|   13|          0|
    |add_ln208_41_reg_2920   |   13|   0|   13|          0|
    |add_ln208_44_reg_2925   |   13|   0|   13|          0|
    |add_ln208_47_reg_2930   |   13|   0|   13|          0|
    |add_ln208_50_reg_2935   |   13|   0|   13|          0|
    |add_ln208_53_reg_2940   |   13|   0|   13|          0|
    |add_ln208_56_reg_2945   |   13|   0|   13|          0|
    |add_ln208_59_reg_2950   |   13|   0|   13|          0|
    |add_ln208_5_reg_2860    |   13|   0|   13|          0|
    |add_ln208_62_reg_2955   |   13|   0|   13|          0|
    |add_ln208_65_reg_2960   |   13|   0|   13|          0|
    |add_ln208_68_reg_2965   |   13|   0|   13|          0|
    |add_ln208_71_reg_2970   |   13|   0|   13|          0|
    |add_ln208_74_reg_2975   |   13|   0|   13|          0|
    |add_ln208_77_reg_2980   |   13|   0|   13|          0|
    |add_ln208_80_reg_2985   |   13|   0|   13|          0|
    |add_ln208_83_reg_2990   |   13|   0|   13|          0|
    |add_ln208_86_reg_2995   |   13|   0|   13|          0|
    |add_ln208_89_reg_3000   |   13|   0|   13|          0|
    |add_ln208_8_reg_2865    |   13|   0|   13|          0|
    |add_ln208_92_reg_3005   |   13|   0|   13|          0|
    |add_ln208_95_reg_3010   |   13|   0|   13|          0|
    |add_ln208_98_reg_3015   |   13|   0|   13|          0|
    |ap_CS_iter0_fsm         |  123|   0|  123|          0|
    |ap_CS_iter1_fsm         |    2|   0|    2|          0|
    |ap_done_reg             |    1|   0|    1|          0|
    |reg_137                 |    4|   0|    4|          0|
    |reg_141                 |   13|   0|   13|          0|
    |reg_145                 |   13|   0|   13|          0|
    +------------------------+-----+----+-----+-----------+
    |Total                   | 1755|   0| 1755|          0|
    +------------------------+-----+----+-----+-----------+



================================================================
== Interface
================================================================
* Summary: 
+----------------+-----+-----+------------+----------------+--------------+
|    RTL Ports   | Dir | Bits|  Protocol  |  Source Object |    C Type    |
+----------------+-----+-----+------------+----------------+--------------+
|ap_clk          |   in|    1|  ap_ctrl_hs|  point_add_unit|  return value|
|ap_rst          |   in|    1|  ap_ctrl_hs|  point_add_unit|  return value|
|ap_start        |   in|    1|  ap_ctrl_hs|  point_add_unit|  return value|
|ap_done         |  out|    1|  ap_ctrl_hs|  point_add_unit|  return value|
|ap_continue     |   in|    1|  ap_ctrl_hs|  point_add_unit|  return value|
|ap_idle         |  out|    1|  ap_ctrl_hs|  point_add_unit|  return value|
|ap_ready        |  out|    1|  ap_ctrl_hs|  point_add_unit|  return value|
|BFIFO_2_din     |  out|   43|     ap_fifo|         BFIFO_2|       pointer|
|BFIFO_2_full_n  |   in|    1|     ap_fifo|         BFIFO_2|       pointer|
|BFIFO_2_write   |  out|    1|     ap_fifo|         BFIFO_2|       pointer|
|CFIFO_dout      |   in|   82|     ap_fifo|           CFIFO|       pointer|
|CFIFO_empty_n   |   in|    1|     ap_fifo|           CFIFO|       pointer|
|CFIFO_read      |  out|    1|     ap_fifo|           CFIFO|       pointer|
+----------------+-----+-----+------------+----------------+--------------+

